Archive member included to satisfy reference by file (symbol)

C:/ST/STM32CubeIDE_1.16.1/STM32CubeIDE/plugins/com.st.stm32cube.ide.mcu.externaltools.gnu-tools-for-stm32.12.3.rel1.win32_1.1.0.202410251130/tools/bin/../lib/gcc/arm-none-eabi/12.3.1/../../../../arm-none-eabi/lib/thumb/v7e-m+fp/hard\libc_nano.a(libc_a-exit.o)
                              C:/ST/STM32CubeIDE_1.16.1/STM32CubeIDE/plugins/com.st.stm32cube.ide.mcu.externaltools.gnu-tools-for-stm32.12.3.rel1.win32_1.1.0.202410251130/tools/bin/../lib/gcc/arm-none-eabi/12.3.1/../../../../arm-none-eabi/lib/thumb/v7e-m+fp/hard/crt0.o (exit)
C:/ST/STM32CubeIDE_1.16.1/STM32CubeIDE/plugins/com.st.stm32cube.ide.mcu.externaltools.gnu-tools-for-stm32.12.3.rel1.win32_1.1.0.202410251130/tools/bin/../lib/gcc/arm-none-eabi/12.3.1/../../../../arm-none-eabi/lib/thumb/v7e-m+fp/hard\libc_nano.a(libc_a-itoa.o)
                              ./Core/Src/main.o (itoa)
C:/ST/STM32CubeIDE_1.16.1/STM32CubeIDE/plugins/com.st.stm32cube.ide.mcu.externaltools.gnu-tools-for-stm32.12.3.rel1.win32_1.1.0.202410251130/tools/bin/../lib/gcc/arm-none-eabi/12.3.1/../../../../arm-none-eabi/lib/thumb/v7e-m+fp/hard\libc_nano.a(libc_a-utoa.o)
                              C:/ST/STM32CubeIDE_1.16.1/STM32CubeIDE/plugins/com.st.stm32cube.ide.mcu.externaltools.gnu-tools-for-stm32.12.3.rel1.win32_1.1.0.202410251130/tools/bin/../lib/gcc/arm-none-eabi/12.3.1/../../../../arm-none-eabi/lib/thumb/v7e-m+fp/hard\libc_nano.a(libc_a-itoa.o) (__utoa)
C:/ST/STM32CubeIDE_1.16.1/STM32CubeIDE/plugins/com.st.stm32cube.ide.mcu.externaltools.gnu-tools-for-stm32.12.3.rel1.win32_1.1.0.202410251130/tools/bin/../lib/gcc/arm-none-eabi/12.3.1/../../../../arm-none-eabi/lib/thumb/v7e-m+fp/hard\libc_nano.a(libc_a-findfp.o)
                              C:/ST/STM32CubeIDE_1.16.1/STM32CubeIDE/plugins/com.st.stm32cube.ide.mcu.externaltools.gnu-tools-for-stm32.12.3.rel1.win32_1.1.0.202410251130/tools/bin/../lib/gcc/arm-none-eabi/12.3.1/../../../../arm-none-eabi/lib/thumb/v7e-m+fp/hard\libc_nano.a(libc_a-exit.o) (__stdio_exit_handler)
C:/ST/STM32CubeIDE_1.16.1/STM32CubeIDE/plugins/com.st.stm32cube.ide.mcu.externaltools.gnu-tools-for-stm32.12.3.rel1.win32_1.1.0.202410251130/tools/bin/../lib/gcc/arm-none-eabi/12.3.1/../../../../arm-none-eabi/lib/thumb/v7e-m+fp/hard\libc_nano.a(libc_a-fwalk.o)
                              C:/ST/STM32CubeIDE_1.16.1/STM32CubeIDE/plugins/com.st.stm32cube.ide.mcu.externaltools.gnu-tools-for-stm32.12.3.rel1.win32_1.1.0.202410251130/tools/bin/../lib/gcc/arm-none-eabi/12.3.1/../../../../arm-none-eabi/lib/thumb/v7e-m+fp/hard\libc_nano.a(libc_a-findfp.o) (_fwalk_sglue)
C:/ST/STM32CubeIDE_1.16.1/STM32CubeIDE/plugins/com.st.stm32cube.ide.mcu.externaltools.gnu-tools-for-stm32.12.3.rel1.win32_1.1.0.202410251130/tools/bin/../lib/gcc/arm-none-eabi/12.3.1/../../../../arm-none-eabi/lib/thumb/v7e-m+fp/hard\libc_nano.a(libc_a-printf.o)
                              ./Core/Src/Adsr.o (printf)
C:/ST/STM32CubeIDE_1.16.1/STM32CubeIDE/plugins/com.st.stm32cube.ide.mcu.externaltools.gnu-tools-for-stm32.12.3.rel1.win32_1.1.0.202410251130/tools/bin/../lib/gcc/arm-none-eabi/12.3.1/../../../../arm-none-eabi/lib/thumb/v7e-m+fp/hard\libc_nano.a(libc_a-stdio.o)
                              C:/ST/STM32CubeIDE_1.16.1/STM32CubeIDE/plugins/com.st.stm32cube.ide.mcu.externaltools.gnu-tools-for-stm32.12.3.rel1.win32_1.1.0.202410251130/tools/bin/../lib/gcc/arm-none-eabi/12.3.1/../../../../arm-none-eabi/lib/thumb/v7e-m+fp/hard\libc_nano.a(libc_a-findfp.o) (__sread)
C:/ST/STM32CubeIDE_1.16.1/STM32CubeIDE/plugins/com.st.stm32cube.ide.mcu.externaltools.gnu-tools-for-stm32.12.3.rel1.win32_1.1.0.202410251130/tools/bin/../lib/gcc/arm-none-eabi/12.3.1/../../../../arm-none-eabi/lib/thumb/v7e-m+fp/hard\libc_nano.a(libc_a-memset.o)
                              C:/ST/STM32CubeIDE_1.16.1/STM32CubeIDE/plugins/com.st.stm32cube.ide.mcu.externaltools.gnu-tools-for-stm32.12.3.rel1.win32_1.1.0.202410251130/tools/bin/../lib/gcc/arm-none-eabi/12.3.1/../../../../arm-none-eabi/lib/thumb/v7e-m+fp/hard/crt0.o (memset)
C:/ST/STM32CubeIDE_1.16.1/STM32CubeIDE/plugins/com.st.stm32cube.ide.mcu.externaltools.gnu-tools-for-stm32.12.3.rel1.win32_1.1.0.202410251130/tools/bin/../lib/gcc/arm-none-eabi/12.3.1/../../../../arm-none-eabi/lib/thumb/v7e-m+fp/hard\libc_nano.a(libc_a-closer.o)
                              C:/ST/STM32CubeIDE_1.16.1/STM32CubeIDE/plugins/com.st.stm32cube.ide.mcu.externaltools.gnu-tools-for-stm32.12.3.rel1.win32_1.1.0.202410251130/tools/bin/../lib/gcc/arm-none-eabi/12.3.1/../../../../arm-none-eabi/lib/thumb/v7e-m+fp/hard\libc_nano.a(libc_a-stdio.o) (_close_r)
C:/ST/STM32CubeIDE_1.16.1/STM32CubeIDE/plugins/com.st.stm32cube.ide.mcu.externaltools.gnu-tools-for-stm32.12.3.rel1.win32_1.1.0.202410251130/tools/bin/../lib/gcc/arm-none-eabi/12.3.1/../../../../arm-none-eabi/lib/thumb/v7e-m+fp/hard\libc_nano.a(libc_a-reent.o)
[...]
Memory Configuration

Name             Origin             Length             Attributes
RAM              0x20000000         0x00020000         xrw
FLASH            0x08000000         0x00080000         xr
*default*        0x00000000         0xffffffff

Linker script and memory map

LOAD C:/ST/STM32CubeIDE_1.16.1/STM32CubeIDE/plugins/com.st.stm32cube.ide.mcu.externaltools.gnu-tools-for-stm32.12.3.rel1.win32_1.1.0.202410251130/tools/bin/../lib/gcc/arm-none-eabi/12.3.1/thumb/v7e-m+fp/hard/crti.o
LOAD C:/ST/STM32CubeIDE_1.16.1/STM32CubeIDE/plugins/com.st.stm32cube.ide.mcu.externaltools.gnu-tools-for-stm32.12.3.rel1.win32_1.1.0.202410251130/tools/bin/../lib/gcc/arm-none-eabi/12.3.1/thumb/v7e-m+fp/hard/crtbegin.o
LOAD C:/ST/STM32CubeIDE_1.16.1/STM32CubeIDE/plugins/com.st.stm32cube.ide.mcu.externaltools.gnu-tools-for-stm32.12.3.rel1.win32_1.1.0.202410251130/tools/bin/../lib/gcc/arm-none-eabi/12.3.1/../../../../arm-none-eabi/lib/thumb/v7e-m+fp/hard/crt0.o
LOAD ./Core/Src/Adsr.o
LOAD ./Core/Src/Ema_low.o
LOAD ./Core/Src/Util.o
LOAD ./Core/Src/main.o
LOAD ./Core/Src/stm32f4xx_hal_msp.o
LOAD ./Core/Src/stm32f4xx_it.o
LOAD ./Core/Src/syscalls.o
LOAD ./Core/Src/sysmem.o
LOAD ./Core/Src/system_stm32f4xx.o
LOAD ./Core/Startup/startup_stm32f411vetx.o
LOAD ./Drivers/STM32F4xx_HAL_Driver/Src/stm32f4xx_hal.o
LOAD ./Drivers/STM32F4xx_HAL_Driver/Src/stm32f4xx_hal_adc.o
LOAD ./Drivers/STM32F4xx_HAL_Driver/Src/stm32f4xx_hal_adc_ex.o
LOAD ./Drivers/STM32F4xx_HAL_Driver/Src/stm32f4xx_hal_cortex.o
LOAD ./Drivers/STM32F4xx_HAL_Driver/Src/stm32f4xx_hal_dma.o
LOAD ./Drivers/STM32F4xx_HAL_Driver/Src/stm32f4xx_hal_dma_ex.o
LOAD ./Drivers/STM32F4xx_HAL_Driver/Src/stm32f4xx_hal_exti.o
LOAD ./Drivers/STM32F4xx_HAL_Driver/Src/stm32f4xx_hal_flash.o
LOAD ./Drivers/STM32F4xx_HAL_Driver/Src/stm32f4xx_hal_flash_ex.o
LOAD ./Drivers/STM32F4xx_HAL_Driver/Src/stm32f4xx_hal_flash_ramfunc.o
LOAD ./Drivers/STM32F4xx_HAL_Driver/Src/stm32f4xx_hal_gpio.o
LOAD ./Drivers/STM32F4xx_HAL_Driver/Src/stm32f4xx_hal_i2c.o
LOAD ./Drivers/STM32F4xx_HAL_Driver/Src/stm32f4xx_hal_i2c_ex.o
LOAD ./Drivers/STM32F4xx_HAL_Driver/Src/stm32f4xx_hal_i2s.o
LOAD ./Drivers/STM32F4xx_HAL_Driver/Src/stm32f4xx_hal_i2s_ex.o
LOAD ./Drivers/STM32F4xx_HAL_Driver/Src/stm32f4xx_hal_pwr.o
LOAD ./Drivers/STM32F4xx_HAL_Driver/Src/stm32f4xx_hal_pwr_ex.o
LOAD ./Drivers/STM32F4xx_HAL_Driver/Src/stm32f4xx_hal_rcc.o
LOAD ./Drivers/STM32F4xx_HAL_Driver/Src/stm32f4xx_hal_rcc_ex.o
LOAD ./Drivers/STM32F4xx_HAL_Driver/Src/stm32f4xx_hal_tim.o
LOAD ./Drivers/STM32F4xx_HAL_Driver/Src/stm32f4xx_hal_tim_ex.o
LOAD ./Drivers/STM32F4xx_HAL_Driver/Src/stm32f4xx_hal_uart.o
LOAD ./Drivers/STM32F4xx_HAL_Driver/Src/stm32f4xx_ll_adc.o
LOAD ./ECUAL/I2C_LCD/I2C_LCD.o
LOAD ./ECUAL/I2C_LCD/I2C_LCD_cfg.o
LOAD ./util/Util.o
START GROUP
LOAD C:/ST/STM32CubeIDE_1.16.1/STM32CubeIDE/plugins/com.st.stm32cube.ide.mcu.externaltools.gnu-tools-for-stm32.12.3.rel1.win32_1.1.0.202410251130/tools/bin/../lib/gcc/arm-none-eabi/12.3.1/../../../../arm-none-eabi/lib/thumb/v7e-m+fp/hard\libc_nano.a
LOAD C:/ST/STM32CubeIDE_1.16.1/STM32CubeIDE/plugins/com.st.stm32cube.ide.mcu.externaltools.gnu-tools-for-stm32.12.3.rel1.win32_1.1.0.202410251130/tools/bin/../lib/gcc/arm-none-eabi/12.3.1/../../../../arm-none-eabi/lib/thumb/v7e-m+fp/hard\libm.a
END GROUP
START GROUP
LOAD C:/ST/STM32CubeIDE_1.16.1/STM32CubeIDE/plugins/com.st.stm32cube.ide.mcu.externaltools.gnu-tools-for-stm32.12.3.rel1.win32_1.1.0.202410251130/tools/bin/../lib/gcc/arm-none-eabi/12.3.1/thumb/v7e-m+fp/hard\libgcc.a
LOAD C:/ST/STM32CubeIDE_1.16.1/STM32CubeIDE/plugins/com.st.stm32cube.ide.mcu.externaltools.gnu-tools-for-stm32.12.3.rel1.win32_1.1.0.202410251130/tools/bin/../lib/gcc/arm-none-eabi/12.3.1/../../../../arm-none-eabi/lib/thumb/v7e-m+fp/hard\libc_nano.a
END GROUP
START GROUP
LOAD C:/ST/STM32CubeIDE_1.16.1/STM32CubeIDE/plugins/com.st.stm32cube.ide.mcu.externaltools.gnu-tools-for-stm32.12.3.rel1.win32_1.1.0.202410251130/tools/bin/../lib/gcc/arm-none-eabi/12.3.1/thumb/v7e-m+fp/hard\libgcc.a
LOAD C:/ST/STM32CubeIDE_1.16.1/STM32CubeIDE/plugins/com.st.stm32cube.ide.mcu.externaltools.gnu-tools-for-stm32.12.3.rel1.win32_1.1.0.202410251130/tools/bin/../lib/gcc/arm-none-eabi/12.3.1/../../../../arm-none-eabi/lib/thumb/v7e-m+fp/hard\libc_nano.a
LOAD C:/ST/STM32CubeIDE_1.16.1/STM32CubeIDE/plugins/com.st.stm32cube.ide.mcu.externaltools.gnu-tools-for-stm32.12.3.rel1.win32_1.1.0.202410251130/tools/bin/../lib/gcc/arm-none-eabi/12.3.1/../../../../arm-none-eabi/lib/thumb/v7e-m+fp/hard\libnosys.a
END GROUP
START GROUP
LOAD C:/ST/STM32CubeIDE_1.16.1/STM32CubeIDE/plugins/com.st.stm32cube.ide.mcu.externaltools.gnu-tools-for-stm32.12.3.rel1.win32_1.1.0.202410251130/tools/bin/../lib/gcc/arm-none-eabi/12.3.1/thumb/v7e-m+fp/hard\libgcc.a
LOAD C:/ST/STM32CubeIDE_1.16.1/STM32CubeIDE/plugins/com.st.stm32cube.ide.mcu.externaltools.gnu-tools-for-stm32.12.3.rel1.win32_1.1.0.202410251130/tools/bin/../lib/gcc/arm-none-eabi/12.3.1/../../../../arm-none-eabi/lib/thumb/v7e-m+fp/hard\libc_nano.a
LOAD C:/ST/STM32CubeIDE_1.16.1/STM32CubeIDE/plugins/com.st.stm32cube.ide.mcu.externaltools.gnu-tools-for-stm32.12.3.rel1.win32_1.1.0.202410251130/tools/bin/../lib/gcc/arm-none-eabi/12.3.1/../../../../arm-none-eabi/lib/thumb/v7e-m+fp/hard\libnosys.a
END GROUP
LOAD C:/ST/STM32CubeIDE_1.16.1/STM32CubeIDE/plugins/com.st.stm32cube.ide.mcu.externaltools.gnu-tools-for-stm32.12.3.rel1.win32_1.1.0.202410251130/tools/bin/../lib/gcc/arm-none-eabi/12.3.1/thumb/v7e-m+fp/hard/crtend.o
LOAD C:/ST/STM32CubeIDE_1.16.1/STM32CubeIDE/plugins/com.st.stm32cube.ide.mcu.externaltools.gnu-tools-for-stm32.12.3.rel1.win32_1.1.0.202410251130/tools/bin/../lib/gcc/arm-none-eabi/12.3.1/thumb/v7e-m+fp/hard/crtn.o
                0x20020000                        _estack = (ORIGIN (RAM) + LENGTH (RAM))
                0x00000200                        _Min_Heap_Size = 0x200
                0x00000400                        _Min_Stack_Size = 0x400

.isr_vector     0x08000000      0x198
                0x08000000                        . = ALIGN (0x4)
 *(.isr_vector)
 .isr_vector    0x08000000      0x198 ./Core/Startup/startup_stm32f411vetx.o
                0x08000000                g_pfnVectors
                0x08000198                        . = ALIGN (0x4)

.text           0x08000198     0x4f90
                0x08000198                        . = ALIGN (0x4)
 *(.text)
 .text          0x08000198       0x40 C:/ST/STM32CubeIDE_1.16.1/STM32CubeIDE/plugins/com.st.stm32cube.ide.mcu.externaltools.gnu-tools-for-stm32.12.3.rel1.win32_1.1.0.202410251130/tools/bin/../lib/gcc/arm-none-eabi/12.3.1/thumb/v7e-m+fp/hard/crtbegin.o
 .text          0x080001d8      0x378 C:/ST/STM32CubeIDE_1.16.1/STM32CubeIDE/plugins/com.st.stm32cube.ide.mcu.externaltools.gnu-tools-for-stm32.12.3.rel1.win32_1.1.0.202410251130/tools/bin/../lib/gcc/arm-none-eabi/12.3.1/thumb/v7e-m+fp/hard\libgcc.a(_arm_addsubdf3.o)
                0x080001d8                __aeabi_drsub
                0x080001e0                __aeabi_dsub
                0x080001e0                __subdf3
                0x080001e4                __aeabi_dadd
                0x080001e4                __adddf3
                0x0800045c                __floatunsidf
                0x0800045c                __aeabi_ui2d
                0x0800047c                __floatsidf
                0x0800047c                __aeabi_i2d
                0x080004a0                __aeabi_f2d
                0x080004a0                __extendsfdf2
                0x080004e4                __floatundidf
                0x080004e4                __aeabi_ul2d
                0x080004f4                __floatdidf
                0x080004f4                __aeabi_l2d
 .text          0x08000550      0x424 C:/ST/STM32CubeIDE_1.16.1/STM32CubeIDE/plugins/com.st.stm32cube.ide.mcu.externaltools.gnu-tools-for-stm32.12.3.rel1.win32_1.1.0.202410251130/tools/bin/../lib/gcc/arm-none-eabi/12.3.1/thumb/v7e-m+fp/hard\libgcc.a(_arm_muldivdf3.o)
                0x08000550                __aeabi_dmul
                0x08000550                __muldf3
                0x080007a4                __divdf3
                0x080007a4                __aeabi_ddiv
 .text          0x08000974      0x110 C:/ST/STM32CubeIDE_1.16.1/STM32CubeIDE/plugins/com.st.stm32cube.ide.mcu.externaltools.gnu-tools-for-stm32.12.3.rel1.win32_1.1.0.202410251130/tools/bin/../lib/gcc/arm-none-eabi/12.3.1/thumb/v7e-m+fp/hard\libgcc.a(_arm_cmpdf2.o)
                0x08000974                __gtdf2
                0x08000974                __gedf2
                0x0800097c                __ltdf2
                0x0800097c                __ledf2
                0x08000984                __nedf2
                0x08000984                __eqdf2
                0x08000984                __cmpdf2
                0x08000a00                __aeabi_cdrcmple
                0x08000a10                __aeabi_cdcmpeq
                0x08000a10                __aeabi_cdcmple
                0x08000a20                __aeabi_dcmpeq
                0x08000a34                __aeabi_dcmplt
                0x08000a48                __aeabi_dcmple
                0x08000a5c                __aeabi_dcmpge
                0x08000a70                __aeabi_dcmpgt
 .text          0x08000a84       0x50 C:/ST/STM32CubeIDE_1.16.1/STM32CubeIDE/plugins/com.st.stm32cube.ide.mcu.externaltools.gnu-tools-for-stm32.12.3.rel1.win32_1.1.0.202410251130/tools/bin/../lib/gcc/arm-none-eabi/12.3.1/thumb/v7e-m+fp/hard\libgcc.a(_arm_fixdfsi.o)
                0x08000a84                __aeabi_d2iz
                0x08000a84                __fixdfsi
 .text          0x08000ad4       0x40 C:/ST/STM32CubeIDE_1.16.1/STM32CubeIDE/plugins/com.st.stm32cube.ide.mcu.externaltools.gnu-tools-for-stm32.12.3.rel1.win32_1.1.0.202410251130/tools/bin/../lib/gcc/arm-none-eabi/12.3.1/thumb/v7e-m+fp/hard\libgcc.a(_arm_fixunsdfsi.o)
                0x08000ad4                __aeabi_d2uiz
                0x08000ad4                __fixunsdfsi
 .text          0x08000b14       0xa0 C:/ST/STM32CubeIDE_1.16.1/STM32CubeIDE/plugins/com.st.stm32cube.ide.mcu.externaltools.gnu-tools-for-stm32.12.3.rel1.win32_1.1.0.202410251130/tools/bin/../lib/gcc/arm-none-eabi/12.3.1/thumb/v7e-m+fp/hard\libgcc.a(_arm_truncdfsf2.o)
                0x08000b14                __truncdfsf2
                0x08000b14                __aeabi_d2f
 .text          0x08000bb4       0x30 C:/ST/STM32CubeIDE_1.16.1/STM32CubeIDE/plugins/com.st.stm32cube.ide.mcu.externaltools.gnu-tools-for-stm32.12.3.rel1.win32_1.1.0.202410251130/tools/bin/../lib/gcc/arm-none-eabi/12.3.1/thumb/v7e-m+fp/hard\libgcc.a(_aeabi_uldivmod.o)
                0x08000bb4                __aeabi_uldivmod
 .text          0x08000be4      0x2bc C:/ST/STM32CubeIDE_1.16.1/STM32CubeIDE/plugins/com.st.stm32cube.ide.mcu.externaltools.gnu-tools-for-stm32.12.3.rel1.win32_1.1.0.202410251130/tools/bin/../lib/gcc/arm-none-eabi/12.3.1/thumb/v7e-m+fp/hard\libgcc.a(_udivmoddi4.o)
                0x08000be4                __udivmoddi4
 .text          0x08000ea0        0x4 C:/ST/STM32CubeIDE_1.16.1/STM32CubeIDE/plugins/com.st.stm32cube.ide.mcu.externaltools.gnu-tools-for-stm32.12.3.rel1.win32_1.1.0.202410251130/tools/bin/../lib/gcc/arm-none-eabi/12.3.1/thumb/v7e-m+fp/hard\libgcc.a(_dvmd_tls.o)
                0x08000ea0                __aeabi_idiv0
                0x08000ea0                __aeabi_ldiv0
 *(.text*)
 .text.EMA_LOW_Init
                0x08000ea4        0x8 ./Core/Src/Ema_low.o
                0x08000ea4                EMA_LOW_Init
 .text.EMA_LOW_Update
                0x08000eac       0x2c ./Core/Src/Ema_low.o
                0x08000eac                EMA_LOW_Update
 .text.HAL_ADC_ConvCpltCallback
                0x08000ed8      0x10c ./Core/Src/main.o
                0x08000ed8                HAL_ADC_ConvCpltCallback
 *fill*         0x08000fe4        0x4 
 .text.HAL_UART_RxCpltCallback
                0x08000fe8      0x1f4 ./Core/Src/main.o
                0x08000fe8                HAL_UART_RxCpltCallback
 .text.ArangeSamplesInBuff
                0x080011dc      0x3b8 ./Core/Src/main.o
                0x080011dc                ArangeSamplesInBuff
 .text.HAL_I2S_TxHalfCpltCallback
                0x08001594       0x6c ./Core/Src/main.o
                0x08001594                HAL_I2S_TxHalfCpltCallback
 .text.HAL_I2S_TxCpltCallback
                0x08001600       0x6c ./Core/Src/main.o
                0x08001600                HAL_I2S_TxCpltCallback
 .text.SystemClock_Config
                0x0800166c       0xa0 ./Core/Src/main.o
                0x0800166c                SystemClock_Config
 .text.startup.main
                0x0800170c      0x440 ./Core/Src/main.o
                0x0800170c                main
 .text.Error_Handler
                0x08001b4c        0x4 ./Core/Src/main.o
                0x08001b4c                Error_Handler
 .text.HAL_MspInit
                0x08001b50       0x38 ./Core/Src/stm32f4xx_hal_msp.o
                0x08001b50                HAL_MspInit
 .text.HAL_ADC_MspInit
                0x08001b88       0xa8 ./Core/Src/stm32f4xx_hal_msp.o
                0x08001b88                HAL_ADC_MspInit
 .text.HAL_I2C_MspInit
                0x08001c30       0x70 ./Core/Src/stm32f4xx_hal_msp.o
                0x08001c30                HAL_I2C_MspInit
 .text.HAL_I2S_MspInit
                0x08001ca0       0xe0 ./Core/Src/stm32f4xx_hal_msp.o
                0x08001ca0                HAL_I2S_MspInit
 .text.HAL_UART_MspInit
                0x08001d80      0x114 ./Core/Src/stm32f4xx_hal_msp.o
                0x08001d80                HAL_UART_MspInit
 .text.NMI_Handler
                0x08001e94        0x4 ./Core/Src/stm32f4xx_it.o
                0x08001e94                NMI_Handler
 .text.HardFault_Handler
                0x08001e98        0x4 ./Core/Src/stm32f4xx_it.o
                0x08001e98                HardFault_Handler
 .text.MemManage_Handler
                0x08001e9c        0x4 ./Core/Src/stm32f4xx_it.o
                0x08001e9c                MemManage_Handler
 .text.BusFault_Handler
                0x08001ea0        0x4 ./Core/Src/stm32f4xx_it.o
                0x08001ea0                BusFault_Handler
 .text.UsageFault_Handler
                0x08001ea4        0x4 ./Core/Src/stm32f4xx_it.o
                0x08001ea4                UsageFault_Handler
 .text.SVC_Handler
                0x08001ea8        0x4 ./Core/Src/stm32f4xx_it.o
                0x08001ea8                SVC_Handler
 .text.DebugMon_Handler
                0x08001eac        0x4 ./Core/Src/stm32f4xx_it.o
                0x08001eac                DebugMon_Handler
 .text.PendSV_Handler
                0x08001eb0        0x4 ./Core/Src/stm32f4xx_it.o
                0x08001eb0                PendSV_Handler
 .text.SysTick_Handler
                0x08001eb4        0x4 ./Core/Src/stm32f4xx_it.o
                0x08001eb4                SysTick_Handler
 .text.DMA1_Stream4_IRQHandler
                0x08001eb8        0xc ./Core/Src/stm32f4xx_it.o
                0x08001eb8                DMA1_Stream4_IRQHandler
 .text.USART1_IRQHandler
                0x08001ec4        0xc ./Core/Src/stm32f4xx_it.o
                0x08001ec4                USART1_IRQHandler
 .text.DMA2_Stream0_IRQHandler
                0x08001ed0        0xc ./Core/Src/stm32f4xx_it.o
                0x08001ed0                DMA2_Stream0_IRQHandler
 .text.DMA2_Stream2_IRQHandler
                0x08001edc        0xc ./Core/Src/stm32f4xx_it.o
                0x08001edc                DMA2_Stream2_IRQHandler
 .text.SystemInit
                0x08001ee8       0x14 ./Core/Src/system_stm32f4xx.o
                0x08001ee8                SystemInit
 .text.Reset_Handler
                0x08001efc       0x50 ./Core/Startup/startup_stm32f411vetx.o
                0x08001efc                Reset_Handler
 .text.Default_Handler
                0x08001f4c        0x2 ./Core/Startup/startup_stm32f411vetx.o
                0x08001f4c                RTC_Alarm_IRQHandler
                0x08001f4c                EXTI2_IRQHandler
                0x08001f4c                SPI4_IRQHandler
                0x08001f4c                TIM1_CC_IRQHandler
                0x08001f4c                DMA2_Stream5_IRQHandler
                0x08001f4c                DMA1_Stream5_IRQHandler
                0x08001f4c                PVD_IRQHandler
                0x08001f4c                SDIO_IRQHandler
                0x08001f4c                TAMP_STAMP_IRQHandler
                0x08001f4c                EXTI3_IRQHandler
                0x08001f4c                TIM1_UP_TIM10_IRQHandler
                0x08001f4c                I2C3_ER_IRQHandler
                0x08001f4c                EXTI0_IRQHandler
                0x08001f4c                I2C2_EV_IRQHandler
                0x08001f4c                DMA1_Stream2_IRQHandler
                0x08001f4c                FPU_IRQHandler
                0x08001f4c                SPI1_IRQHandler
                0x08001f4c                TIM1_BRK_TIM9_IRQHandler
                0x08001f4c                DMA2_Stream3_IRQHandler
                0x08001f4c                USART6_IRQHandler
                0x08001f4c                TIM4_IRQHandler
                0x08001f4c                I2C1_EV_IRQHandler
                0x08001f4c                DMA1_Stream6_IRQHandler
                0x08001f4c                DMA1_Stream1_IRQHandler
                0x08001f4c                TIM3_IRQHandler
                0x08001f4c                RCC_IRQHandler
                0x08001f4c                Default_Handler
                0x08001f4c                EXTI15_10_IRQHandler
                0x08001f4c                ADC_IRQHandler
                0x08001f4c                DMA1_Stream7_IRQHandler
                0x08001f4c                SPI5_IRQHandler
                0x08001f4c                TIM5_IRQHandler
                0x08001f4c                DMA2_Stream7_IRQHandler
                0x08001f4c                I2C3_EV_IRQHandler
                0x08001f4c                EXTI9_5_IRQHandler
                0x08001f4c                RTC_WKUP_IRQHandler
                0x08001f4c                SPI2_IRQHandler
                0x08001f4c                DMA1_Stream0_IRQHandler
                0x08001f4c                EXTI4_IRQHandler
                0x08001f4c                WWDG_IRQHandler
                0x08001f4c                TIM2_IRQHandler
                0x08001f4c                OTG_FS_WKUP_IRQHandler
                0x08001f4c                TIM1_TRG_COM_TIM11_IRQHandler
                0x08001f4c                EXTI1_IRQHandler
                0x08001f4c                USART2_IRQHandler
                0x08001f4c                I2C2_ER_IRQHandler
                0x08001f4c                DMA2_Stream1_IRQHandler
                0x08001f4c                FLASH_IRQHandler
                0x08001f4c                DMA2_Stream4_IRQHandler
                0x08001f4c                OTG_FS_IRQHandler
                0x08001f4c                SPI3_IRQHandler
                0x08001f4c                I2C1_ER_IRQHandler
                0x08001f4c                DMA2_Stream6_IRQHandler
                0x08001f4c                DMA1_Stream3_IRQHandler
 *fill*         0x08001f4e        0x2 
 .text.HAL_InitTick
                0x08001f50       0x48 ./Drivers/STM32F4xx_HAL_Driver/Src/stm32f4xx_hal.o
                0x08001f50                HAL_InitTick
 .text.HAL_Init
                0x08001f98       0x34 ./Drivers/STM32F4xx_HAL_Driver/Src/stm32f4xx_hal.o
                0x08001f98                HAL_Init
 .text.HAL_IncTick
                0x08001fcc       0x18 ./Drivers/STM32F4xx_HAL_Driver/Src/stm32f4xx_hal.o
                0x08001fcc                HAL_IncTick
 .text.HAL_GetTick
                0x08001fe4        0xc ./Drivers/STM32F4xx_HAL_Driver/Src/stm32f4xx_hal.o
                0x08001fe4                HAL_GetTick
 .text.HAL_Delay
                0x08001ff0       0x24 ./Drivers/STM32F4xx_HAL_Driver/Src/stm32f4xx_hal.o
                0x08001ff0                HAL_Delay
 .text.HAL_ADC_Init
                0x08002014      0x158 ./Drivers/STM32F4xx_HAL_Driver/Src/stm32f4xx_hal_adc.o
                0x08002014                HAL_ADC_Init
 .text.HAL_ADC_Start_DMA
                0x0800216c      0x12c ./Drivers/STM32F4xx_HAL_Driver/Src/stm32f4xx_hal_adc.o
                0x0800216c                HAL_ADC_Start_DMA
 .text.HAL_ADC_ConvHalfCpltCallback
                0x08002298        0x4 ./Drivers/STM32F4xx_HAL_Driver/Src/stm32f4xx_hal_adc.o
                0x08002298                HAL_ADC_ConvHalfCpltCallback
 .text.ADC_DMAHalfConvCplt
                0x0800229c        0xc ./Drivers/STM32F4xx_HAL_Driver/Src/stm32f4xx_hal_adc.o
 .text.HAL_ADC_ErrorCallback
                0x080022a8        0x4 ./Drivers/STM32F4xx_HAL_Driver/Src/stm32f4xx_hal_adc.o
                0x080022a8                HAL_ADC_ErrorCallback
 .text.ADC_DMAError
                0x080022ac       0x18 ./Drivers/STM32F4xx_HAL_Driver/Src/stm32f4xx_hal_adc.o
 .text.ADC_DMAConvCplt
                0x080022c4       0x6c ./Drivers/STM32F4xx_HAL_Driver/Src/stm32f4xx_hal_adc.o
 .text.HAL_ADC_ConfigChannel
                0x08002330      0x16c ./Drivers/STM32F4xx_HAL_Driver/Src/stm32f4xx_hal_adc.o
                0x08002330                HAL_ADC_ConfigChannel
 .text.HAL_NVIC_SetPriorityGrouping
                0x0800249c       0x24 ./Drivers/STM32F4xx_HAL_Driver/Src/stm32f4xx_hal_cortex.o
                0x0800249c                HAL_NVIC_SetPriorityGrouping
 .text.HAL_NVIC_SetPriority
                0x080024c0       0x78 ./Drivers/STM32F4xx_HAL_Driver/Src/stm32f4xx_hal_cortex.o
                0x080024c0                HAL_NVIC_SetPriority
 .text.HAL_NVIC_EnableIRQ
                0x08002538       0x1c ./Drivers/STM32F4xx_HAL_Driver/Src/stm32f4xx_hal_cortex.o
                0x08002538                HAL_NVIC_EnableIRQ
 .text.HAL_SYSTICK_Config
                0x08002554       0x34 ./Drivers/STM32F4xx_HAL_Driver/Src/stm32f4xx_hal_cortex.o
                0x08002554                HAL_SYSTICK_Config
 .text.HAL_DMA_Init
                0x08002588      0x12c ./Drivers/STM32F4xx_HAL_Driver/Src/stm32f4xx_hal_dma.o
                0x08002588                HAL_DMA_Init
 .text.HAL_DMA_Start_IT
                0x080026b4       0x78 ./Drivers/STM32F4xx_HAL_Driver/Src/stm32f4xx_hal_dma.o
                0x080026b4                HAL_DMA_Start_IT
 .text.HAL_DMA_Abort
                0x0800272c       0x94 ./Drivers/STM32F4xx_HAL_Driver/Src/stm32f4xx_hal_dma.o
                0x0800272c                HAL_DMA_Abort
 .text.HAL_DMA_Abort_IT
                0x080027c0       0x24 ./Drivers/STM32F4xx_HAL_Driver/Src/stm32f4xx_hal_dma.o
                0x080027c0                HAL_DMA_Abort_IT
 .text.HAL_DMA_IRQHandler
                0x080027e4      0x1ac ./Drivers/STM32F4xx_HAL_Driver/Src/stm32f4xx_hal_dma.o
                0x080027e4                HAL_DMA_IRQHandler
 .text.HAL_GPIO_Init
                0x08002990      0x1ec ./Drivers/STM32F4xx_HAL_Driver/Src/stm32f4xx_hal_gpio.o
                0x08002990                HAL_GPIO_Init
 .text.HAL_GPIO_WritePin
                0x08002b7c        0x8 ./Drivers/STM32F4xx_HAL_Driver/Src/stm32f4xx_hal_gpio.o
                0x08002b7c                HAL_GPIO_WritePin
 .text.I2C_WaitOnMasterAddressFlagUntilTimeout.constprop.0
                0x08002b84       0x88 ./Drivers/STM32F4xx_HAL_Driver/Src/stm32f4xx_hal_i2c.o
 .text.I2C_WaitOnMasterAddressFlagUntilTimeout.constprop.1
                0x08002c0c       0x88 ./Drivers/STM32F4xx_HAL_Driver/Src/stm32f4xx_hal_i2c.o
 .text.HAL_I2C_Init
                0x08002c94      0x190 ./Drivers/STM32F4xx_HAL_Driver/Src/stm32f4xx_hal_i2c.o
                0x08002c94                HAL_I2C_Init
 .text.HAL_I2C_Master_Transmit
                0x08002e24      0x298 ./Drivers/STM32F4xx_HAL_Driver/Src/stm32f4xx_hal_i2c.o
                0x08002e24                HAL_I2C_Master_Transmit
 .text.HAL_I2S_Init
                0x080030bc      0x158 ./Drivers/STM32F4xx_HAL_Driver/Src/stm32f4xx_hal_i2s.o
                0x080030bc                HAL_I2S_Init
 .text.HAL_I2S_Transmit_DMA
                0x08003214       0xb8 ./Drivers/STM32F4xx_HAL_Driver/Src/stm32f4xx_hal_i2s.o
                0x08003214                HAL_I2S_Transmit_DMA
 .text.I2S_DMATxHalfCplt
                0x080032cc        0xc ./Drivers/STM32F4xx_HAL_Driver/Src/stm32f4xx_hal_i2s.o
 .text.I2S_DMATxCplt
                0x080032d8       0x24 ./Drivers/STM32F4xx_HAL_Driver/Src/stm32f4xx_hal_i2s.o
 .text.HAL_I2S_RxCpltCallback
                0x080032fc        0x4 ./Drivers/STM32F4xx_HAL_Driver/Src/stm32f4xx_hal_i2s.o
                0x080032fc                HAL_I2S_RxCpltCallback
 .text.HAL_I2S_ErrorCallback
                0x08003300        0x4 ./Drivers/STM32F4xx_HAL_Driver/Src/stm32f4xx_hal_i2s.o
                0x08003300                HAL_I2S_ErrorCallback
 .text.I2S_IRQHandler
                0x08003304      0x108 ./Drivers/STM32F4xx_HAL_Driver/Src/stm32f4xx_hal_i2s.o
 .text.I2S_DMAError
                0x0800340c       0x2c ./Drivers/STM32F4xx_HAL_Driver/Src/stm32f4xx_hal_i2s.o
 .text.HAL_I2SEx_TxRxCpltCallback
                0x08003438        0x4 ./Drivers/STM32F4xx_HAL_Driver/Src/stm32f4xx_hal_i2s_ex.o
                0x08003438                HAL_I2SEx_TxRxCpltCallback
 .text.HAL_I2SEx_FullDuplex_IRQHandler
                0x0800343c      0x25c ./Drivers/STM32F4xx_HAL_Driver/Src/stm32f4xx_hal_i2s_ex.o
                0x0800343c                HAL_I2SEx_FullDuplex_IRQHandler
 .text.HAL_RCC_OscConfig
                0x08003698      0x3c4 ./Drivers/STM32F4xx_HAL_Driver/Src/stm32f4xx_hal_rcc.o
                0x08003698                HAL_RCC_OscConfig
 .text.HAL_RCC_GetSysClockFreq
                0x08003a5c       0x68 ./Drivers/STM32F4xx_HAL_Driver/Src/stm32f4xx_hal_rcc.o
                0x08003a5c                HAL_RCC_GetSysClockFreq
 .text.HAL_RCC_ClockConfig
                0x08003ac4      0x13c ./Drivers/STM32F4xx_HAL_Driver/Src/stm32f4xx_hal_rcc.o
                0x08003ac4                HAL_RCC_ClockConfig
 .text.HAL_RCC_GetPCLK1Freq
                0x08003c00       0x20 ./Drivers/STM32F4xx_HAL_Driver/Src/stm32f4xx_hal_rcc.o
                0x08003c00                HAL_RCC_GetPCLK1Freq
 .text.HAL_RCC_GetPCLK2Freq
                0x08003c20       0x20 ./Drivers/STM32F4xx_HAL_Driver/Src/stm32f4xx_hal_rcc.o
                0x08003c20                HAL_RCC_GetPCLK2Freq
 .text.HAL_RCCEx_PeriphCLKConfig
                0x08003c40      0x154 ./Drivers/STM32F4xx_HAL_Driver/Src/stm32f4xx_hal_rcc_ex.o
                0x08003c40                HAL_RCCEx_PeriphCLKConfig
 .text.HAL_RCCEx_GetPeriphCLKFreq
                0x08003d94       0x58 ./Drivers/STM32F4xx_HAL_Driver/Src/stm32f4xx_hal_rcc_ex.o
                0x08003d94                HAL_RCCEx_GetPeriphCLKFreq
 .text.HAL_UART_Init
                0x08003dec      0x124 ./Drivers/STM32F4xx_HAL_Driver/Src/stm32f4xx_hal_uart.o
                0x08003dec                HAL_UART_Init
 .text.HAL_UART_TxCpltCallback
                0x08003f10        0x4 ./Drivers/STM32F4xx_HAL_Driver/Src/stm32f4xx_hal_uart.o
                0x08003f10                HAL_UART_TxCpltCallback
 .text.HAL_UART_RxHalfCpltCallback
                0x08003f14        0x4 ./Drivers/STM32F4xx_HAL_Driver/Src/stm32f4xx_hal_uart.o
                0x08003f14                HAL_UART_RxHalfCpltCallback
 .text.HAL_UART_ErrorCallback
                0x08003f18        0x4 ./Drivers/STM32F4xx_HAL_Driver/Src/stm32f4xx_hal_uart.o
                0x08003f18                HAL_UART_ErrorCallback
 .text.UART_DMAError
                0x08003f1c       0xbc ./Drivers/STM32F4xx_HAL_Driver/Src/stm32f4xx_hal_uart.o
 .text.UART_DMAAbortOnError
                0x08003fd8       0x10 ./Drivers/STM32F4xx_HAL_Driver/Src/stm32f4xx_hal_uart.o
 .text.HAL_UARTEx_RxEventCallback
                0x08003fe8        0x4 ./Drivers/STM32F4xx_HAL_Driver/Src/stm32f4xx_hal_uart.o
                0x08003fe8                HAL_UARTEx_RxEventCallback
 .text.UART_DMARxHalfCplt
                0x08003fec       0x20 ./Drivers/STM32F4xx_HAL_Driver/Src/stm32f4xx_hal_uart.o
 .text.UART_DMAReceiveCplt
                0x0800400c       0x98 ./Drivers/STM32F4xx_HAL_Driver/Src/stm32f4xx_hal_uart.o
 .text.UART_Receive_IT.part.0.isra.0
                0x080040a4       0xc0 ./Drivers/STM32F4xx_HAL_Driver/Src/stm32f4xx_hal_uart.o
 .text.HAL_UART_IRQHandler
                0x08004164      0x358 ./Drivers/STM32F4xx_HAL_Driver/Src/stm32f4xx_hal_uart.o
                0x08004164                HAL_UART_IRQHandler
 .text.UART_Start_Receive_DMA
                0x080044bc       0x9c ./Drivers/STM32F4xx_HAL_Driver/Src/stm32f4xx_hal_uart.o
                0x080044bc                UART_Start_Receive_DMA
 .text.HAL_UART_Receive_DMA
                0x08004558       0x24 ./Drivers/STM32F4xx_HAL_Driver/Src/stm32f4xx_hal_uart.o
                0x08004558                HAL_UART_Receive_DMA
 .text.I2C_LCD_EnPulse
                0x0800457c       0xc0 ./ECUAL/I2C_LCD/I2C_LCD.o
 .text.I2C_LCD_Send.constprop.2
                0x0800463c       0x80 ./ECUAL/I2C_LCD/I2C_LCD.o
 .text.I2C_LCD_Init
                0x080046bc      0x208 ./ECUAL/I2C_LCD/I2C_LCD.o
                0x080046bc                I2C_LCD_Init
 .text.I2C_LCD_Clear
                0x080048c4       0xb0 ./ECUAL/I2C_LCD/I2C_LCD.o
                0x080048c4                I2C_LCD_Clear
 .text.I2C_LCD_SetCursor
                0x08004974       0x54 ./ECUAL/I2C_LCD/I2C_LCD.o
                0x08004974                I2C_LCD_SetCursor
 .text.I2C_LCD_WriteString
                0x080049c8      0x190 ./ECUAL/I2C_LCD/I2C_LCD.o
                0x080049c8                I2C_LCD_WriteString
 .text.__itoa   0x08004b58       0x30 C:/ST/STM32CubeIDE_1.16.1/STM32CubeIDE/plugins/com.st.stm32cube.ide.mcu.externaltools.gnu-tools-for-stm32.12.3.rel1.win32_1.1.0.202410251130/tools/bin/../lib/gcc/arm-none-eabi/12.3.1/../../../../arm-none-eabi/lib/thumb/v7e-m+fp/hard\libc_nano.a(libc_a-itoa.o)
                0x08004b58                __itoa
 .text.itoa     0x08004b88        0x4 C:/ST/STM32CubeIDE_1.16.1/STM32CubeIDE/plugins/com.st.stm32cube.ide.mcu.externaltools.gnu-tools-for-stm32.12.3.rel1.win32_1.1.0.202410251130/tools/bin/../lib/gcc/arm-none-eabi/12.3.1/../../../../arm-none-eabi/lib/thumb/v7e-m+fp/hard\libc_nano.a(libc_a-itoa.o)
                0x08004b88                itoa
 .text.__utoa   0x08004b8c       0x84 C:/ST/STM32CubeIDE_1.16.1/STM32CubeIDE/plugins/com.st.stm32cube.ide.mcu.externaltools.gnu-tools-for-stm32.12.3.rel1.win32_1.1.0.202410251130/tools/bin/../lib/gcc/arm-none-eabi/12.3.1/../../../../arm-none-eabi/lib/thumb/v7e-m+fp/hard\libc_nano.a(libc_a-utoa.o)
                0x08004b8c                __utoa
 .text.__errno  0x08004c10        0xc C:/ST/STM32CubeIDE_1.16.1/STM32CubeIDE/plugins/com.st.stm32cube.ide.mcu.externaltools.gnu-tools-for-stm32.12.3.rel1.win32_1.1.0.202410251130/tools/bin/../lib/gcc/arm-none-eabi/12.3.1/../../../../arm-none-eabi/lib/thumb/v7e-m+fp/hard\libc_nano.a(libc_a-errno.o)
                0x08004c10                __errno
 .text.__libc_init_array
                0x08004c1c       0x48 C:/ST/STM32CubeIDE_1.16.1/STM32CubeIDE/plugins/com.st.stm32cube.ide.mcu.externaltools.gnu-tools-for-stm32.12.3.rel1.win32_1.1.0.202410251130/tools/bin/../lib/gcc/arm-none-eabi/12.3.1/../../../../arm-none-eabi/lib/thumb/v7e-m+fp/hard\libc_nano.a(libc_a-init.o)
                0x08004c1c                __libc_init_array
 *fill*         0x08004c64        0x4 
 .text.exp      0x08004c68       0x90 C:/ST/STM32CubeIDE_1.16.1/STM32CubeIDE/plugins/com.st.stm32cube.ide.mcu.externaltools.gnu-tools-for-stm32.12.3.rel1.win32_1.1.0.202410251130/tools/bin/../lib/gcc/arm-none-eabi/12.3.1/../../../../arm-none-eabi/lib/thumb/v7e-m+fp/hard\libm.a(libm_a-w_exp.o)
                0x08004c68                exp
 .text.finite   0x08004cf8       0x16 C:/ST/STM32CubeIDE_1.16.1/STM32CubeIDE/plugins/com.st.stm32cube.ide.mcu.externaltools.gnu-tools-for-stm32.12.3.rel1.win32_1.1.0.202410251130/tools/bin/../lib/gcc/arm-none-eabi/12.3.1/../../../../arm-none-eabi/lib/thumb/v7e-m+fp/hard\libm.a(libm_a-s_finite.o)
                0x08004cf8                finite
 *fill*         0x08004d0e        0x2 
 .text.round    0x08004d10       0x8c C:/ST/STM32CubeIDE_1.16.1/STM32CubeIDE/plugins/com.st.stm32cube.ide.mcu.externaltools.gnu-tools-for-stm32.12.3.rel1.win32_1.1.0.202410251130/tools/bin/../lib/gcc/arm-none-eabi/12.3.1/../../../../arm-none-eabi/lib/thumb/v7e-m+fp/hard\libm.a(libm_a-s_round.o)
                0x08004d10                round
 *fill*         0x08004d9c        0x4 
 .text.__ieee754_exp
                0x08004da0      0x2f4 C:/ST/STM32CubeIDE_1.16.1/STM32CubeIDE/plugins/com.st.stm32cube.ide.mcu.externaltools.gnu-tools-for-stm32.12.3.rel1.win32_1.1.0.202410251130/tools/bin/../lib/gcc/arm-none-eabi/12.3.1/../../../../arm-none-eabi/lib/thumb/v7e-m+fp/hard\libm.a(libm_a-e_exp.o)
                0x08004da0                __ieee754_exp
 .text.with_errno
                0x08005094       0x24 C:/ST/STM32CubeIDE_1.16.1/STM32CubeIDE/plugins/com.st.stm32cube.ide.mcu.externaltools.gnu-tools-for-stm32.12.3.rel1.win32_1.1.0.202410251130/tools/bin/../lib/gcc/arm-none-eabi/12.3.1/../../../../arm-none-eabi/lib/thumb/v7e-m+fp/hard\libm.a(libm_a-math_err.o)
 .text.xflow    0x080050b8       0x32 C:/ST/STM32CubeIDE_1.16.1/STM32CubeIDE/plugins/com.st.stm32cube.ide.mcu.externaltools.gnu-tools-for-stm32.12.3.rel1.win32_1.1.0.202410251130/tools/bin/../lib/gcc/arm-none-eabi/12.3.1/../../../../arm-none-eabi/lib/thumb/v7e-m+fp/hard\libm.a(libm_a-math_err.o)
 *fill*         0x080050ea        0x6 
 .text.__math_uflow
                0x080050f0       0x10 C:/ST/STM32CubeIDE_1.16.1/STM32CubeIDE/plugins/com.st.stm32cube.ide.mcu.externaltools.gnu-tools-for-stm32.12.3.rel1.win32_1.1.0.202410251130/tools/bin/../lib/gcc/arm-none-eabi/12.3.1/../../../../arm-none-eabi/lib/thumb/v7e-m+fp/hard\libm.a(libm_a-math_err.o)
                0x080050f0                __math_uflow
 .text.__math_oflow
                0x08005100       0x10 C:/ST/STM32CubeIDE_1.16.1/STM32CubeIDE/plugins/com.st.stm32cube.ide.mcu.externaltools.gnu-tools-for-stm32.12.3.rel1.win32_1.1.0.202410251130/tools/bin/../lib/gcc/arm-none-eabi/12.3.1/../../../../arm-none-eabi/lib/thumb/v7e-m+fp/hard\libm.a(libm_a-math_err.o)
                0x08005100                __math_oflow
 *(.glue_7)
 .glue_7        0x08005110        0x0 linker stubs
 *(.glue_7t)
 .glue_7t       0x08005110        0x0 linker stubs
 *(.eh_frame)
 .eh_frame      0x08005110        0x0 C:/ST/STM32CubeIDE_1.16.1/STM32CubeIDE/plugins/com.st.stm32cube.ide.mcu.externaltools.gnu-tools-for-stm32.12.3.rel1.win32_1.1.0.202410251130/tools/bin/../lib/gcc/arm-none-eabi/12.3.1/thumb/v7e-m+fp/hard/crtbegin.o
 *(.init)
 .init          0x08005110        0x4 C:/ST/STM32CubeIDE_1.16.1/STM32CubeIDE/plugins/com.st.stm32cube.ide.mcu.externaltools.gnu-tools-for-stm32.12.3.rel1.win32_1.1.0.202410251130/tools/bin/../lib/gcc/arm-none-eabi/12.3.1/thumb/v7e-m+fp/hard/crti.o
                0x08005110                _init
 .init          0x08005114        0x8 C:/ST/STM32CubeIDE_1.16.1/STM32CubeIDE/plugins/com.st.stm32cube.ide.mcu.externaltools.gnu-tools-for-stm32.12.3.rel1.win32_1.1.0.202410251130/tools/bin/../lib/gcc/arm-none-eabi/12.3.1/thumb/v7e-m+fp/hard/crtn.o
 *(.fini)
 .fini          0x0800511c        0x4 C:/ST/STM32CubeIDE_1.16.1/STM32CubeIDE/plugins/com.st.stm32cube.ide.mcu.externaltools.gnu-tools-for-stm32.12.3.rel1.win32_1.1.0.202410251130/tools/bin/../lib/gcc/arm-none-eabi/12.3.1/thumb/v7e-m+fp/hard/crti.o
                0x0800511c                _fini
 .fini          0x08005120        0x8 C:/ST/STM32CubeIDE_1.16.1/STM32CubeIDE/plugins/com.st.stm32cube.ide.mcu.externaltools.gnu-tools-for-stm32.12.3.rel1.win32_1.1.0.202410251130/tools/bin/../lib/gcc/arm-none-eabi/12.3.1/thumb/v7e-m+fp/hard/crtn.o
                0x08005128                        . = ALIGN (0x4)
                0x08005128                        _etext = .

.vfp11_veneer   0x08005128        0x0
 .vfp11_veneer  0x08005128        0x0 linker stubs

.v4_bx          0x08005128        0x0
 .v4_bx         0x08005128        0x0 linker stubs

.iplt           0x08005128        0x0
 .iplt          0x08005128        0x0 C:/ST/STM32CubeIDE_1.16.1/STM32CubeIDE/plugins/com.st.stm32cube.ide.mcu.externaltools.gnu-tools-for-stm32.12.3.rel1.win32_1.1.0.202410251130/tools/bin/../lib/gcc/arm-none-eabi/12.3.1/thumb/v7e-m+fp/hard/crtbegin.o

.rodata         0x08005128     0x20b8
                0x08005128                        . = ALIGN (0x4)
 *(.rodata)
 .rodata        0x08005128       0x10 ./ECUAL/I2C_LCD/I2C_LCD.o
 *(.rodata*)
 .rodata.main.str1.4
                0x08005138       0x20 ./Core/Src/main.o
 .rodata.sawLUT
                0x08005158     0x1000 ./Core/Src/main.o
                0x08005158                sawLUT
 .rodata.sineLUT
                0x08006158     0x1000 ./Core/Src/main.o
                0x08006158                sineLUT
 .rodata.APBPrescTable
                0x08007158        0x8 ./Core/Src/system_stm32f4xx.o
                0x08007158                APBPrescTable
 .rodata.AHBPrescTable
                0x08007160       0x10 ./Core/Src/system_stm32f4xx.o
                0x08007160                AHBPrescTable
 .rodata.flagBitshiftOffset.0
                0x08007170        0x8 ./Drivers/STM32F4xx_HAL_Driver/Src/stm32f4xx_hal_dma.o
 .rodata.I2C_LCD_CfgParam
                0x08007178        0xc ./ECUAL/I2C_LCD/I2C_LCD_cfg.o
                0x08007178                I2C_LCD_CfgParam
 .rodata.__utoa.str1.1
                0x08007184       0x25 C:/ST/STM32CubeIDE_1.16.1/STM32CubeIDE/plugins/com.st.stm32cube.ide.mcu.externaltools.gnu-tools-for-stm32.12.3.rel1.win32_1.1.0.202410251130/tools/bin/../lib/gcc/arm-none-eabi/12.3.1/../../../../arm-none-eabi/lib/thumb/v7e-m+fp/hard\libc_nano.a(libc_a-utoa.o)
 *fill*         0x080071a9        0x7 
 .rodata.ln2LO  0x080071b0       0x10 C:/ST/STM32CubeIDE_1.16.1/STM32CubeIDE/plugins/com.st.stm32cube.ide.mcu.externaltools.gnu-tools-for-stm32.12.3.rel1.win32_1.1.0.202410251130/tools/bin/../lib/gcc/arm-none-eabi/12.3.1/../../../../arm-none-eabi/lib/thumb/v7e-m+fp/hard\libm.a(libm_a-e_exp.o)
 .rodata.ln2HI  0x080071c0       0x10 C:/ST/STM32CubeIDE_1.16.1/STM32CubeIDE/plugins/com.st.stm32cube.ide.mcu.externaltools.gnu-tools-for-stm32.12.3.rel1.win32_1.1.0.202410251130/tools/bin/../lib/gcc/arm-none-eabi/12.3.1/../../../../arm-none-eabi/lib/thumb/v7e-m+fp/hard\libm.a(libm_a-e_exp.o)
 .rodata.halF   0x080071d0       0x10 C:/ST/STM32CubeIDE_1.16.1/STM32CubeIDE/plugins/com.st.stm32cube.ide.mcu.externaltools.gnu-tools-for-stm32.12.3.rel1.win32_1.1.0.202410251130/tools/bin/../lib/gcc/arm-none-eabi/12.3.1/../../../../arm-none-eabi/lib/thumb/v7e-m+fp/hard\libm.a(libm_a-e_exp.o)
                0x080071e0                        . = ALIGN (0x4)

.ARM.extab      0x080071e0        0x0
                0x080071e0                        . = ALIGN (0x4)
 *(.ARM.extab* .gnu.linkonce.armextab.*)
                0x080071e0                        . = ALIGN (0x4)

.ARM            0x080071e0        0x8
                0x080071e0                        . = ALIGN (0x4)
                0x080071e0                        __exidx_start = .
 *(.ARM.exidx*)
 .ARM.exidx     0x080071e0        0x8 C:/ST/STM32CubeIDE_1.16.1/STM32CubeIDE/plugins/com.st.stm32cube.ide.mcu.externaltools.gnu-tools-for-stm32.12.3.rel1.win32_1.1.0.202410251130/tools/bin/../lib/gcc/arm-none-eabi/12.3.1/thumb/v7e-m+fp/hard\libgcc.a(_udivmoddi4.o)
                0x080071e8                        __exidx_end = .
                0x080071e8                        . = ALIGN (0x4)

.preinit_array  0x080071e8        0x0
                0x080071e8                        . = ALIGN (0x4)
                0x080071e8                        PROVIDE (__preinit_array_start = .)
 *(.preinit_array*)
                0x080071e8                        PROVIDE (__preinit_array_end = .)
                0x080071e8                        . = ALIGN (0x4)

.init_array     0x080071e8        0x4
                0x080071e8                        . = ALIGN (0x4)
                0x080071e8                        PROVIDE (__init_array_start = .)
 *(SORT_BY_NAME(.init_array.*))
 *(.init_array*)
 .init_array    0x080071e8        0x4 C:/ST/STM32CubeIDE_1.16.1/STM32CubeIDE/plugins/com.st.stm32cube.ide.mcu.externaltools.gnu-tools-for-stm32.12.3.rel1.win32_1.1.0.202410251130/tools/bin/../lib/gcc/arm-none-eabi/12.3.1/thumb/v7e-m+fp/hard/crtbegin.o
                0x080071ec                        PROVIDE (__init_array_end = .)
                0x080071ec                        . = ALIGN (0x4)

.fini_array     0x080071ec        0x4
                0x080071ec                        . = ALIGN (0x4)
                [!provide]                        PROVIDE (__fini_array_start = .)
 *(SORT_BY_NAME(.fini_array.*))
 *(.fini_array*)
 .fini_array    0x080071ec        0x4 C:/ST/STM32CubeIDE_1.16.1/STM32CubeIDE/plugins/com.st.stm32cube.ide.mcu.externaltools.gnu-tools-for-stm32.12.3.rel1.win32_1.1.0.202410251130/tools/bin/../lib/gcc/arm-none-eabi/12.3.1/thumb/v7e-m+fp/hard/crtbegin.o
                [!provide]                        PROVIDE (__fini_array_end = .)
                0x080071f0                        . = ALIGN (0x4)
                0x080071f0                        _sidata = LOADADDR (.data)

.rel.dyn        0x080071f0        0x0
 .rel.iplt      0x080071f0        0x0 C:/ST/STM32CubeIDE_1.16.1/STM32CubeIDE/plugins/com.st.stm32cube.ide.mcu.externaltools.gnu-tools-for-stm32.12.3.rel1.win32_1.1.0.202410251130/tools/bin/../lib/gcc/arm-none-eabi/12.3.1/thumb/v7e-m+fp/hard/crtbegin.o

.data           0x20000000       0x6c load address 0x080071f0
                0x20000000                        . = ALIGN (0x4)
                0x20000000                        _sdata = .
 *(.data)
 *(.data*)
 .data.release_f
                0x20000000        0x4 ./Core/Src/main.o
                0x20000000                release_f
 .data.sustain_f
                0x20000004        0x4 ./Core/Src/main.o
                0x20000004                sustain_f
 .data.decay_f  0x20000008        0x4 ./Core/Src/main.o
                0x20000008                decay_f
 .data.attack_f
                0x2000000c        0x4 ./Core/Src/main.o
                0x2000000c                attack_f
 .data.SystemCoreClock
                0x20000010        0x4 ./Core/Src/system_stm32f4xx.o
                0x20000010                SystemCoreClock
 .data.uwTickFreq
                0x20000014        0x1 ./Drivers/STM32F4xx_HAL_Driver/Src/stm32f4xx_hal.o
                0x20000014                uwTickFreq
 *fill*         0x20000015        0x3 
 .data.uwTickPrio
                0x20000018        0x4 ./Drivers/STM32F4xx_HAL_Driver/Src/stm32f4xx_hal.o
                0x20000018                uwTickPrio
 .data._impure_ptr
                0x2000001c        0x4 C:/ST/STM32CubeIDE_1.16.1/STM32CubeIDE/plugins/com.st.stm32cube.ide.mcu.externaltools.gnu-tools-for-stm32.12.3.rel1.win32_1.1.0.202410251130/tools/bin/../lib/gcc/arm-none-eabi/12.3.1/../../../../arm-none-eabi/lib/thumb/v7e-m+fp/hard\libc_nano.a(libc_a-impure.o)
                0x2000001c                _impure_ptr
 .data._impure_data
                0x20000020       0x4c C:/ST/STM32CubeIDE_1.16.1/STM32CubeIDE/plugins/com.st.stm32cube.ide.mcu.externaltools.gnu-tools-for-stm32.12.3.rel1.win32_1.1.0.202410251130/tools/bin/../lib/gcc/arm-none-eabi/12.3.1/../../../../arm-none-eabi/lib/thumb/v7e-m+fp/hard\libc_nano.a(libc_a-impure.o)
                0x20000020                _impure_data
 *(.RamFunc)
 *(.RamFunc*)
                0x2000006c                        . = ALIGN (0x4)
                0x2000006c                        _edata = .

.igot.plt       0x2000006c        0x0 load address 0x0800725c
 .igot.plt      0x2000006c        0x0 C:/ST/STM32CubeIDE_1.16.1/STM32CubeIDE/plugins/com.st.stm32cube.ide.mcu.externaltools.gnu-tools-for-stm32.12.3.rel1.win32_1.1.0.202410251130/tools/bin/../lib/gcc/arm-none-eabi/12.3.1/thumb/v7e-m+fp/hard/crtbegin.o
                0x2000006c                        . = ALIGN (0x4)

.bss            0x20000070     0x1df0 load address 0x0800725c
                0x20000070                        _sbss = .
                0x20000070                        __bss_start__ = _sbss
 *(.bss)
 .bss           0x20000070       0x1c C:/ST/STM32CubeIDE_1.16.1/STM32CubeIDE/plugins/com.st.stm32cube.ide.mcu.externaltools.gnu-tools-for-stm32.12.3.rel1.win32_1.1.0.202410251130/tools/bin/../lib/gcc/arm-none-eabi/12.3.1/thumb/v7e-m+fp/hard/crtbegin.o
 *(.bss*)
 .bss.alpha     0x2000008c        0x4 ./Core/Src/Ema_low.o
                0x2000008c                alpha
 .bss.voices    0x20000090      0x198 ./Core/Src/main.o
                0x20000090                voices
 .bss.str       0x20000228        0xc ./Core/Src/main.o
                0x20000228                str
 .bss.sumSample_uw
                0x20000234        0x4 ./Core/Src/main.o
                0x20000234                sumSample_uw
 .bss.lp_filter
                0x20000238        0x4 ./Core/Src/main.o
                0x20000238                lp_filter
 .bss.inProcessed_ui
                0x2000023c        0x2 ./Core/Src/main.o
                0x2000023c                inProcessed_ui
 *fill*         0x2000023e        0x2 
 .bss.WorkingBuffer
                0x20000240      0x800 ./Core/Src/main.o
                0x20000240                WorkingBuffer
 .bss.pot2_f    0x20000a40        0x4 ./Core/Src/main.o
                0x20000a40                pot2_f
 .bss.pot3      0x20000a44        0x4 ./Core/Src/main.o
                0x20000a44                pot3
 .bss.pot2      0x20000a48        0x4 ./Core/Src/main.o
                0x20000a48                pot2
 .bss.ADCGain_changed_flag
                0x20000a4c        0x4 ./Core/Src/main.o
                0x20000a4c                ADCGain_changed_flag
 .bss.prevADCGain
                0x20000a50        0x4 ./Core/Src/main.o
                0x20000a50                prevADCGain
 .bss.ADCGain   0x20000a54        0x4 ./Core/Src/main.o
                0x20000a54                ADCGain
 .bss.numADCconvert
                0x20000a58        0x2 ./Core/Src/main.o
                0x20000a58                numADCconvert
 *fill*         0x20000a5a        0x2 
 .bss.indeksRadnogPolja_uw
                0x20000a5c        0x4 ./Core/Src/main.o
                0x20000a5c                indeksRadnogPolja_uw
 .bss.sumAdc    0x20000a60        0x4 ./Core/Src/main.o
                0x20000a60                sumAdc
 .bss.brojAktiviranihTipki
                0x20000a64        0x1 ./Core/Src/main.o
                0x20000a64                brojAktiviranihTipki
 *fill*         0x20000a65        0x3 
 .bss.glasnocaTonova
                0x20000a68        0x8 ./Core/Src/main.o
                0x20000a68                glasnocaTonova
 .bss.stanjeTipki
                0x20000a70        0x8 ./Core/Src/main.o
                0x20000a70                stanjeTipki
 .bss.rxBuff    0x20000a78        0x3 ./Core/Src/main.o
                0x20000a78                rxBuff
 *fill*         0x20000a7b        0x1 
 .bss.adc1_buf  0x20000a7c        0xc ./Core/Src/main.o
                0x20000a7c                adc1_buf
 .bss.dma_out   0x20000a88     0x1000 ./Core/Src/main.o
                0x20000a88                dma_out
 .bss.hdma_usart1_rx
                0x20001a88       0x60 ./Core/Src/main.o
                0x20001a88                hdma_usart1_rx
 .bss.huart2    0x20001ae8       0x48 ./Core/Src/main.o
                0x20001ae8                huart2
 .bss.huart1    0x20001b30       0x48 ./Core/Src/main.o
                0x20001b30                huart1
 .bss.hdma_spi2_tx
                0x20001b78       0x60 ./Core/Src/main.o
                0x20001b78                hdma_spi2_tx
 .bss.hi2s2     0x20001bd8       0x48 ./Core/Src/main.o
                0x20001bd8                hi2s2
 .bss.hi2c1     0x20001c20       0x54 ./Core/Src/main.o
                0x20001c20                hi2c1
 .bss.hdma_adc1
                0x20001c74       0x60 ./Core/Src/main.o
                0x20001c74                hdma_adc1
 *fill*         0x20001cd4        0x4 
 .bss.hadc1     0x20001cd8       0x48 ./Core/Src/main.o
                0x20001cd8                hadc1
 .bss.uwTick    0x20001d20        0x4 ./Drivers/STM32F4xx_HAL_Driver/Src/stm32f4xx_hal.o
                0x20001d20                uwTick
 .bss.I2C_LCD_InfoParam_g
                0x20001d24        0x2 ./ECUAL/I2C_LCD/I2C_LCD.o
 *fill*         0x20001d26        0x2 
 .bss.__sf      0x20001d28      0x138 C:/ST/STM32CubeIDE_1.16.1/STM32CubeIDE/plugins/com.st.stm32cube.ide.mcu.externaltools.gnu-tools-for-stm32.12.3.rel1.win32_1.1.0.202410251130/tools/bin/../lib/gcc/arm-none-eabi/12.3.1/../../../../arm-none-eabi/lib/thumb/v7e-m+fp/hard\libc_nano.a(libc_a-findfp.o)
                0x20001d28                __sf
 *(COMMON)
                0x20001e60                        . = ALIGN (0x4)
                0x20001e60                        _ebss = .
                0x20001e60                        __bss_end__ = _ebss

._user_heap_stack
                0x20001e60      0x600 load address 0x0800725c
                0x20001e60                        . = ALIGN (0x8)
                [!provide]                        PROVIDE (end = .)
                0x20001e60                        PROVIDE (_end = .)
                0x20002060                        . = (. + _Min_Heap_Size)
 *fill*         0x20001e60      0x200 
                0x20002460                        . = (. + _Min_Stack_Size)
 *fill*         0x20002060      0x400 
                0x20002460                        . = ALIGN (0x8)

/DISCARD/
 libc.a(*)
 libm.a(*)
 libgcc.a(*)

.ARM.attributes
                0x00000000       0x30
 *(.ARM.attributes)
 .ARM.attributes
                0x00000000       0x22 C:/ST/STM32CubeIDE_1.16.1/STM32CubeIDE/plugins/com.st.stm32cube.ide.mcu.externaltools.gnu-tools-for-stm32.12.3.rel1.win32_1.1.0.202410251130/tools/bin/../lib/gcc/arm-none-eabi/12.3.1/thumb/v7e-m+fp/hard/crti.o
 .ARM.attributes
                0x00000022       0x34 C:/ST/STM32CubeIDE_1.16.1/STM32CubeIDE/plugins/com.st.stm32cube.ide.mcu.externaltools.gnu-tools-for-stm32.12.3.rel1.win32_1.1.0.202410251130/tools/bin/../lib/gcc/arm-none-eabi/12.3.1/thumb/v7e-m+fp/hard/crtbegin.o
 .ARM.attributes
                0x00000056       0x30 ./Core/Src/Ema_low.o
 .ARM.attributes
                0x00000086       0x30 ./Core/Src/main.o
 .ARM.attributes
                0x000000b6       0x30 ./Core/Src/stm32f4xx_hal_msp.o
 .ARM.attributes
                0x000000e6       0x30 ./Core/Src/stm32f4xx_it.o
 .ARM.attributes
                0x00000116       0x30 ./Core/Src/system_stm32f4xx.o
 .ARM.attributes
                0x00000146       0x21 ./Core/Startup/startup_stm32f411vetx.o
 .ARM.attributes
                0x00000167       0x30 ./Drivers/STM32F4xx_HAL_Driver/Src/stm32f4xx_hal.o
 .ARM.attributes
                0x00000197       0x30 ./Drivers/STM32F4xx_HAL_Driver/Src/stm32f4xx_hal_adc.o
 .ARM.attributes
                0x000001c7       0x30 ./Drivers/STM32F4xx_HAL_Driver/Src/stm32f4xx_hal_cortex.o
 .ARM.attributes
                0x000001f7       0x30 ./Drivers/STM32F4xx_HAL_Driver/Src/stm32f4xx_hal_dma.o
 .ARM.attributes
                0x00000227       0x30 ./Drivers/STM32F4xx_HAL_Driver/Src/stm32f4xx_hal_gpio.o
 .ARM.attributes
                0x00000257       0x30 ./Drivers/STM32F4xx_HAL_Driver/Src/stm32f4xx_hal_i2c.o
 .ARM.attributes
                0x00000287       0x30 ./Drivers/STM32F4xx_HAL_Driver/Src/stm32f4xx_hal_i2s.o
 .ARM.attributes
                0x000002b7       0x30 ./Drivers/STM32F4xx_HAL_Driver/Src/stm32f4xx_hal_i2s_ex.o
 .ARM.attributes
                0x000002e7       0x30 ./Drivers/STM32F4xx_HAL_Driver/Src/stm32f4xx_hal_rcc.o
 .ARM.attributes
                0x00000317       0x30 ./Drivers/STM32F4xx_HAL_Driver/Src/stm32f4xx_hal_rcc_ex.o
 .ARM.attributes
                0x00000347       0x30 ./Drivers/STM32F4xx_HAL_Driver/Src/stm32f4xx_hal_uart.o
 .ARM.attributes
                0x00000377       0x30 ./ECUAL/I2C_LCD/I2C_LCD.o
 .ARM.attributes
                0x000003a7       0x30 ./ECUAL/I2C_LCD/I2C_LCD_cfg.o
 .ARM.attributes
                0x000003d7       0x34 C:/ST/STM32CubeIDE_1.16.1/STM32CubeIDE/plugins/com.st.stm32cube.ide.mcu.externaltools.gnu-tools-for-stm32.12.3.rel1.win32_1.1.0.202410251130/tools/bin/../lib/gcc/arm-none-eabi/12.3.1/../../../../arm-none-eabi/lib/thumb/v7e-m+fp/hard\libc_nano.a(libc_a-itoa.o)
 .ARM.attributes
                0x0000040b       0x34 C:/ST/STM32CubeIDE_1.16.1/STM32CubeIDE/plugins/com.st.stm32cube.ide.mcu.externaltools.gnu-tools-for-stm32.12.3.rel1.win32_1.1.0.202410251130/tools/bin/../lib/gcc/arm-none-eabi/12.3.1/../../../../arm-none-eabi/lib/thumb/v7e-m+fp/hard\libc_nano.a(libc_a-utoa.o)
 .ARM.attributes
                0x0000043f       0x34 C:/ST/STM32CubeIDE_1.16.1/STM32CubeIDE/plugins/com.st.stm32cube.ide.mcu.externaltools.gnu-tools-for-stm32.12.3.rel1.win32_1.1.0.202410251130/tools/bin/../lib/gcc/arm-none-eabi/12.3.1/../../../../arm-none-eabi/lib/thumb/v7e-m+fp/hard\libc_nano.a(libc_a-findfp.o)
 .ARM.attributes
                0x00000473       0x34 C:/ST/STM32CubeIDE_1.16.1/STM32CubeIDE/plugins/com.st.stm32cube.ide.mcu.externaltools.gnu-tools-for-stm32.12.3.rel1.win32_1.1.0.202410251130/tools/bin/../lib/gcc/arm-none-eabi/12.3.1/../../../../arm-none-eabi/lib/thumb/v7e-m+fp/hard\libc_nano.a(libc_a-impure.o)
 .ARM.attributes
                0x000004a7       0x34 C:/ST/STM32CubeIDE_1.16.1/STM32CubeIDE/plugins/com.st.stm32cube.ide.mcu.externaltools.gnu-tools-for-stm32.12.3.rel1.win32_1.1.0.202410251130/tools/bin/../lib/gcc/arm-none-eabi/12.3.1/../../../../arm-none-eabi/lib/thumb/v7e-m+fp/hard\libc_nano.a(libc_a-errno.o)
 .ARM.attributes
                0x000004db       0x34 C:/ST/STM32CubeIDE_1.16.1/STM32CubeIDE/plugins/com.st.stm32cube.ide.mcu.externaltools.gnu-tools-for-stm32.12.3.rel1.win32_1.1.0.202410251130/tools/bin/../lib/gcc/arm-none-eabi/12.3.1/../../../../arm-none-eabi/lib/thumb/v7e-m+fp/hard\libc_nano.a(libc_a-init.o)
 .ARM.attributes
                0x0000050f       0x34 C:/ST/STM32CubeIDE_1.16.1/STM32CubeIDE/plugins/com.st.stm32cube.ide.mcu.externaltools.gnu-tools-for-stm32.12.3.rel1.win32_1.1.0.202410251130/tools/bin/../lib/gcc/arm-none-eabi/12.3.1/../../../../arm-none-eabi/lib/thumb/v7e-m+fp/hard\libm.a(libm_a-w_exp.o)
 .ARM.attributes
                0x00000543       0x34 C:/ST/STM32CubeIDE_1.16.1/STM32CubeIDE/plugins/com.st.stm32cube.ide.mcu.externaltools.gnu-tools-for-stm32.12.3.rel1.win32_1.1.0.202410251130/tools/bin/../lib/gcc/arm-none-eabi/12.3.1/../../../../arm-none-eabi/lib/thumb/v7e-m+fp/hard\libm.a(libm_a-s_finite.o)
 .ARM.attributes
                0x00000577       0x34 C:/ST/STM32CubeIDE_1.16.1/STM32CubeIDE/plugins/com.st.stm32cube.ide.mcu.externaltools.gnu-tools-for-stm32.12.3.rel1.win32_1.1.0.202410251130/tools/bin/../lib/gcc/arm-none-eabi/12.3.1/../../../../arm-none-eabi/lib/thumb/v7e-m+fp/hard\libm.a(libm_a-s_round.o)
 .ARM.attributes
                0x000005ab       0x34 C:/ST/STM32CubeIDE_1.16.1/STM32CubeIDE/plugins/com.st.stm32cube.ide.mcu.externaltools.gnu-tools-for-stm32.12.3.rel1.win32_1.1.0.202410251130/tools/bin/../lib/gcc/arm-none-eabi/12.3.1/../../../../arm-none-eabi/lib/thumb/v7e-m+fp/hard\libm.a(libm_a-e_exp.o)
 .ARM.attributes
                0x000005df       0x34 C:/ST/STM32CubeIDE_1.16.1/STM32CubeIDE/plugins/com.st.stm32cube.ide.mcu.externaltools.gnu-tools-for-stm32.12.3.rel1.win32_1.1.0.202410251130/tools/bin/../lib/gcc/arm-none-eabi/12.3.1/../../../../arm-none-eabi/lib/thumb/v7e-m+fp/hard\libm.a(libm_a-math_err.o)
 .ARM.attributes
                0x00000613       0x22 C:/ST/STM32CubeIDE_1.16.1/STM32CubeIDE/plugins/com.st.stm32cube.ide.mcu.externaltools.gnu-tools-for-stm32.12.3.rel1.win32_1.1.0.202410251130/tools/bin/../lib/gcc/arm-none-eabi/12.3.1/thumb/v7e-m+fp/hard\libgcc.a(_arm_addsubdf3.o)
 .ARM.attributes
                0x00000635       0x22 C:/ST/STM32CubeIDE_1.16.1/STM32CubeIDE/plugins/com.st.stm32cube.ide.mcu.externaltools.gnu-tools-for-stm32.12.3.rel1.win32_1.1.0.202410251130/tools/bin/../lib/gcc/arm-none-eabi/12.3.1/thumb/v7e-m+fp/hard\libgcc.a(_arm_muldivdf3.o)
 .ARM.attributes
                0x00000657       0x22 C:/ST/STM32CubeIDE_1.16.1/STM32CubeIDE/plugins/com.st.stm32cube.ide.mcu.externaltools.gnu-tools-for-stm32.12.3.rel1.win32_1.1.0.202410251130/tools/bin/../lib/gcc/arm-none-eabi/12.3.1/thumb/v7e-m+fp/hard\libgcc.a(_arm_cmpdf2.o)
 .ARM.attributes
                0x00000679       0x22 C:/ST/STM32CubeIDE_1.16.1/STM32CubeIDE/plugins/com.st.stm32cube.ide.mcu.externaltools.gnu-tools-for-stm32.12.3.rel1.win32_1.1.0.202410251130/tools/bin/../lib/gcc/arm-none-eabi/12.3.1/thumb/v7e-m+fp/hard\libgcc.a(_arm_fixdfsi.o)
 .ARM.attributes
                0x0000069b       0x22 C:/ST/STM32CubeIDE_1.16.1/STM32CubeIDE/plugins/com.st.stm32cube.ide.mcu.externaltools.gnu-tools-for-stm32.12.3.rel1.win32_1.1.0.202410251130/tools/bin/../lib/gcc/arm-none-eabi/12.3.1/thumb/v7e-m+fp/hard\libgcc.a(_arm_fixunsdfsi.o)
 .ARM.attributes
                0x000006bd       0x22 C:/ST/STM32CubeIDE_1.16.1/STM32CubeIDE/plugins/com.st.stm32cube.ide.mcu.externaltools.gnu-tools-for-stm32.12.3.rel1.win32_1.1.0.202410251130/tools/bin/../lib/gcc/arm-none-eabi/12.3.1/thumb/v7e-m+fp/hard\libgcc.a(_arm_truncdfsf2.o)
 .ARM.attributes
                0x000006df       0x22 C:/ST/STM32CubeIDE_1.16.1/STM32CubeIDE/plugins/com.st.stm32cube.ide.mcu.externaltools.gnu-tools-for-stm32.12.3.rel1.win32_1.1.0.202410251130/tools/bin/../lib/gcc/arm-none-eabi/12.3.1/thumb/v7e-m+fp/hard\libgcc.a(_aeabi_uldivmod.o)
 .ARM.attributes
                0x00000701       0x34 C:/ST/STM32CubeIDE_1.16.1/STM32CubeIDE/plugins/com.st.stm32cube.ide.mcu.externaltools.gnu-tools-for-stm32.12.3.rel1.win32_1.1.0.202410251130/tools/bin/../lib/gcc/arm-none-eabi/12.3.1/thumb/v7e-m+fp/hard\libgcc.a(_udivmoddi4.o)
 .ARM.attributes
                0x00000735       0x22 C:/ST/STM32CubeIDE_1.16.1/STM32CubeIDE/plugins/com.st.stm32cube.ide.mcu.externaltools.gnu-tools-for-stm32.12.3.rel1.win32_1.1.0.202410251130/tools/bin/../lib/gcc/arm-none-eabi/12.3.1/thumb/v7e-m+fp/hard\libgcc.a(_dvmd_tls.o)
 .ARM.attributes
                0x00000757       0x22 C:/ST/STM32CubeIDE_1.16.1/STM32CubeIDE/plugins/com.st.stm32cube.ide.mcu.externaltools.gnu-tools-for-stm32.12.3.rel1.win32_1.1.0.202410251130/tools/bin/../lib/gcc/arm-none-eabi/12.3.1/thumb/v7e-m+fp/hard/crtn.o
OUTPUT(stm-synthesizer.elf elf32-littlearm)
LOAD linker stubs
LOAD C:/ST/STM32CubeIDE_1.16.1/STM32CubeIDE/plugins/com.st.stm32cube.ide.mcu.externaltools.gnu-tools-for-stm32.12.3.rel1.win32_1.1.0.202410251130/tools/bin/../lib/gcc/arm-none-eabi/12.3.1/../../../../arm-none-eabi/lib/thumb/v7e-m+fp/hard\libc.a
LOAD C:/ST/STM32CubeIDE_1.16.1/STM32CubeIDE/plugins/com.st.stm32cube.ide.mcu.externaltools.gnu-tools-for-stm32.12.3.rel1.win32_1.1.0.202410251130/tools/bin/../lib/gcc/arm-none-eabi/12.3.1/../../../../arm-none-eabi/lib/thumb/v7e-m+fp/hard\libm.a
LOAD C:/ST/STM32CubeIDE_1.16.1/STM32CubeIDE/plugins/com.st.stm32cube.ide.mcu.externaltools.gnu-tools-for-stm32.12.3.rel1.win32_1.1.0.202410251130/tools/bin/../lib/gcc/arm-none-eabi/12.3.1/thumb/v7e-m+fp/hard\libgcc.a

.debug_info     0x00000000    0x1781e
 .debug_info    0x00000000      0x12e ./Core/Src/Ema_low.o
 .debug_info    0x0000012e     0x282e ./Core/Src/main.o
 .debug_info    0x0000295c     0x17d3 ./Core/Src/stm32f4xx_hal_msp.o
 .debug_info    0x0000412f      0x6dd ./Core/Src/stm32f4xx_it.o
 .debug_info    0x0000480c      0x557 ./Core/Src/system_stm32f4xx.o
 .debug_info    0x00004d63       0x30 ./Core/Startup/startup_stm32f411vetx.o
 .debug_info    0x00004d93      0x99c ./Drivers/STM32F4xx_HAL_Driver/Src/stm32f4xx_hal.o
 .debug_info    0x0000572f      0xe5f ./Drivers/STM32F4xx_HAL_Driver/Src/stm32f4xx_hal_adc.o
 .debug_info    0x0000658e      0xf93 ./Drivers/STM32F4xx_HAL_Driver/Src/stm32f4xx_hal_cortex.o
 .debug_info    0x00007521      0xb21 ./Drivers/STM32F4xx_HAL_Driver/Src/stm32f4xx_hal_dma.o
 .debug_info    0x00008042      0x742 ./Drivers/STM32F4xx_HAL_Driver/Src/stm32f4xx_hal_gpio.o
 .debug_info    0x00008784     0x3df1 ./Drivers/STM32F4xx_HAL_Driver/Src/stm32f4xx_hal_i2c.o
 .debug_info    0x0000c575     0x127e ./Drivers/STM32F4xx_HAL_Driver/Src/stm32f4xx_hal_i2s.o
 .debug_info    0x0000d7f3      0xe66 ./Drivers/STM32F4xx_HAL_Driver/Src/stm32f4xx_hal_i2s_ex.o
 .debug_info    0x0000e659      0xb12 ./Drivers/STM32F4xx_HAL_Driver/Src/stm32f4xx_hal_rcc.o
 .debug_info    0x0000f16b      0x6ba ./Drivers/STM32F4xx_HAL_Driver/Src/stm32f4xx_hal_rcc_ex.o
 .debug_info    0x0000f825     0x4791 ./Drivers/STM32F4xx_HAL_Driver/Src/stm32f4xx_hal_uart.o
 .debug_info    0x00013fb6     0x320c ./ECUAL/I2C_LCD/I2C_LCD.o
 .debug_info    0x000171c2      0x65c ./ECUAL/I2C_LCD/I2C_LCD_cfg.o

.debug_abbrev   0x00000000     0x3238
 .debug_abbrev  0x00000000       0xd0 ./Core/Src/Ema_low.o
 .debug_abbrev  0x000000d0      0x46a ./Core/Src/main.o
 .debug_abbrev  0x0000053a      0x2a3 ./Core/Src/stm32f4xx_hal_msp.o
 .debug_abbrev  0x000007dd      0x1c6 ./Core/Src/stm32f4xx_it.o
 .debug_abbrev  0x000009a3      0x120 ./Core/Src/system_stm32f4xx.o
 .debug_abbrev  0x00000ac3       0x24 ./Core/Startup/startup_stm32f411vetx.o
 .debug_abbrev  0x00000ae7      0x2bc ./Drivers/STM32F4xx_HAL_Driver/Src/stm32f4xx_hal.o
 .debug_abbrev  0x00000da3      0x2ae ./Drivers/STM32F4xx_HAL_Driver/Src/stm32f4xx_hal_adc.o
 .debug_abbrev  0x00001051      0x388 ./Drivers/STM32F4xx_HAL_Driver/Src/stm32f4xx_hal_cortex.o
 .debug_abbrev  0x000013d9      0x2f4 ./Drivers/STM32F4xx_HAL_Driver/Src/stm32f4xx_hal_dma.o
 .debug_abbrev  0x000016cd      0x214 ./Drivers/STM32F4xx_HAL_Driver/Src/stm32f4xx_hal_gpio.o
 .debug_abbrev  0x000018e1      0x45b ./Drivers/STM32F4xx_HAL_Driver/Src/stm32f4xx_hal_i2c.o
 .debug_abbrev  0x00001d3c      0x32a ./Drivers/STM32F4xx_HAL_Driver/Src/stm32f4xx_hal_i2s.o
 .debug_abbrev  0x00002066      0x376 ./Drivers/STM32F4xx_HAL_Driver/Src/stm32f4xx_hal_i2s_ex.o
 .debug_abbrev  0x000023dc      0x351 ./Drivers/STM32F4xx_HAL_Driver/Src/stm32f4xx_hal_rcc.o
 .debug_abbrev  0x0000272d      0x1c7 ./Drivers/STM32F4xx_HAL_Driver/Src/stm32f4xx_hal_rcc_ex.o
 .debug_abbrev  0x000028f4      0x443 ./Drivers/STM32F4xx_HAL_Driver/Src/stm32f4xx_hal_uart.o
 .debug_abbrev  0x00002d37      0x3bf ./ECUAL/I2C_LCD/I2C_LCD.o
 .debug_abbrev  0x000030f6      0x142 ./ECUAL/I2C_LCD/I2C_LCD_cfg.o

.debug_aranges  0x00000000      0xbd0
 .debug_aranges
                0x00000000       0x28 ./Core/Src/Ema_low.o
 .debug_aranges
                0x00000028       0x60 ./Core/Src/main.o
 .debug_aranges
                0x00000088       0x60 ./Core/Src/stm32f4xx_hal_msp.o
 .debug_aranges
                0x000000e8       0x80 ./Core/Src/stm32f4xx_it.o
 .debug_aranges
                0x00000168       0x28 ./Core/Src/system_stm32f4xx.o
 .debug_aranges
                0x00000190       0x28 ./Core/Startup/startup_stm32f411vetx.o
 .debug_aranges
                0x000001b8       0xf0 ./Drivers/STM32F4xx_HAL_Driver/Src/stm32f4xx_hal.o
 .debug_aranges
                0x000002a8       0xe0 ./Drivers/STM32F4xx_HAL_Driver/Src/stm32f4xx_hal_adc.o
 .debug_aranges
                0x00000388       0xc0 ./Drivers/STM32F4xx_HAL_Driver/Src/stm32f4xx_hal_cortex.o
 .debug_aranges
                0x00000448       0x78 ./Drivers/STM32F4xx_HAL_Driver/Src/stm32f4xx_hal_dma.o
 .debug_aranges
                0x000004c0       0x58 ./Drivers/STM32F4xx_HAL_Driver/Src/stm32f4xx_hal_gpio.o
 .debug_aranges
                0x00000518      0x1e8 ./Drivers/STM32F4xx_HAL_Driver/Src/stm32f4xx_hal_i2c.o
 .debug_aranges
                0x00000700       0xf0 ./Drivers/STM32F4xx_HAL_Driver/Src/stm32f4xx_hal_i2s.o
 .debug_aranges
                0x000007f0       0x60 ./Drivers/STM32F4xx_HAL_Driver/Src/stm32f4xx_hal_i2s_ex.o
 .debug_aranges
                0x00000850       0x88 ./Drivers/STM32F4xx_HAL_Driver/Src/stm32f4xx_hal_rcc.o
 .debug_aranges
                0x000008d8       0x50 ./Drivers/STM32F4xx_HAL_Driver/Src/stm32f4xx_hal_rcc_ex.o
 .debug_aranges
                0x00000928      0x1d8 ./Drivers/STM32F4xx_HAL_Driver/Src/stm32f4xx_hal_uart.o
 .debug_aranges
                0x00000b00       0xb8 ./ECUAL/I2C_LCD/I2C_LCD.o
 .debug_aranges
                0x00000bb8       0x18 ./ECUAL/I2C_LCD/I2C_LCD_cfg.o

.debug_rnglists
                0x00000000     0x190c
 .debug_rnglists
                0x00000000       0x19 ./Core/Src/Ema_low.o
 .debug_rnglists
                0x00000019      0x145 ./Core/Src/main.o
 .debug_rnglists
                0x0000015e       0xc1 ./Core/Src/stm32f4xx_hal_msp.o
 .debug_rnglists
                0x0000021f       0x5b ./Core/Src/stm32f4xx_it.o
 .debug_rnglists
                0x0000027a       0x19 ./Core/Src/system_stm32f4xx.o
 .debug_rnglists
                0x00000293       0x19 ./Core/Startup/startup_stm32f411vetx.o
 .debug_rnglists
                0x000002ac       0xaf ./Drivers/STM32F4xx_HAL_Driver/Src/stm32f4xx_hal.o
 .debug_rnglists
                0x0000035b       0xc7 ./Drivers/STM32F4xx_HAL_Driver/Src/stm32f4xx_hal_adc.o
 .debug_rnglists
                0x00000422      0x100 ./Drivers/STM32F4xx_HAL_Driver/Src/stm32f4xx_hal_cortex.o
 .debug_rnglists
                0x00000522       0x9f ./Drivers/STM32F4xx_HAL_Driver/Src/stm32f4xx_hal_dma.o
 .debug_rnglists
                0x000005c1       0x4b ./Drivers/STM32F4xx_HAL_Driver/Src/stm32f4xx_hal_gpio.o
 .debug_rnglists
                0x0000060c      0x759 ./Drivers/STM32F4xx_HAL_Driver/Src/stm32f4xx_hal_i2c.o
 .debug_rnglists
                0x00000d65      0x15a ./Drivers/STM32F4xx_HAL_Driver/Src/stm32f4xx_hal_i2s.o
 .debug_rnglists
                0x00000ebf       0xa0 ./Drivers/STM32F4xx_HAL_Driver/Src/stm32f4xx_hal_i2s_ex.o
 .debug_rnglists
                0x00000f5f       0xca ./Drivers/STM32F4xx_HAL_Driver/Src/stm32f4xx_hal_rcc.o
 .debug_rnglists
                0x00001029       0x45 ./Drivers/STM32F4xx_HAL_Driver/Src/stm32f4xx_hal_rcc_ex.o
 .debug_rnglists
                0x0000106e      0x29e ./Drivers/STM32F4xx_HAL_Driver/Src/stm32f4xx_hal_uart.o
 .debug_rnglists
                0x0000130c      0x600 ./ECUAL/I2C_LCD/I2C_LCD.o

.debug_macro    0x00000000    0x16445
 .debug_macro   0x00000000       0x6d ./Core/Src/Ema_low.o
 .debug_macro   0x0000006d      0x3c8 ./Core/Src/main.o
 .debug_macro   0x00000435      0x2a7 ./Core/Src/main.o
 .debug_macro   0x000006dc       0x2e ./Core/Src/main.o
 .debug_macro   0x0000070a       0x28 ./Core/Src/main.o
 .debug_macro   0x00000732       0x1c ./Core/Src/main.o
 .debug_macro   0x0000074e       0x22 ./Core/Src/main.o
 .debug_macro   0x00000770       0xfb ./Core/Src/main.o
 .debug_macro   0x0000086b     0x1011 ./Core/Src/main.o
 .debug_macro   0x0000187c      0x11f ./Core/Src/main.o
 .debug_macro   0x0000199b     0xb953 ./Core/Src/main.o
 .debug_macro   0x0000d2ee       0x6d ./Core/Src/main.o
 .debug_macro   0x0000d35b     0x369a ./Core/Src/main.o
 .debug_macro   0x000109f5       0x5c ./Core/Src/main.o
 .debug_macro   0x00010a51      0x45c ./Core/Src/main.o
 .debug_macro   0x00010ead      0x9e9 ./Core/Src/main.o
 .debug_macro   0x00011896      0x115 ./Core/Src/main.o
 .debug_macro   0x000119ab      0x11b ./Core/Src/main.o
 .debug_macro   0x00011ac6       0xa5 ./Core/Src/main.o
 .debug_macro   0x00011b6b      0x15f ./Core/Src/main.o
 .debug_macro   0x00011cca      0x287 ./Core/Src/main.o
 .debug_macro   0x00011f51       0x5f ./Core/Src/main.o
 .debug_macro   0x00011fb0      0x236 ./Core/Src/main.o
 .debug_macro   0x000121e6      0x9e1 ./Core/Src/main.o
 .debug_macro   0x00012bc7      0x38b ./Core/Src/main.o
 .debug_macro   0x00012f52      0x17d ./Core/Src/main.o
 .debug_macro   0x000130cf       0xf9 ./Core/Src/main.o
 .debug_macro   0x000131c8      0x132 ./Core/Src/main.o
 .debug_macro   0x000132fa      0x264 ./Core/Src/main.o
 .debug_macro   0x0001355e       0x2e ./Core/Src/main.o
 .debug_macro   0x0001358c      0x1b5 ./Core/Src/main.o
 .debug_macro   0x00013741       0x22 ./Core/Src/main.o
 .debug_macro   0x00013763       0xd6 ./Core/Src/main.o
 .debug_macro   0x00013839      0x1a7 ./Core/Src/main.o
 .debug_macro   0x000139e0       0x46 ./Core/Src/main.o
 .debug_macro   0x00013a26       0x4a ./Core/Src/main.o
 .debug_macro   0x00013a70      0x127 ./Core/Src/main.o
 .debug_macro   0x00013b97       0x85 ./Core/Src/main.o
 .debug_macro   0x00013c1c       0x89 ./Core/Src/main.o
 .debug_macro   0x00013ca5      0x2aa ./Core/Src/main.o
 .debug_macro   0x00013f4f      0x126 ./Core/Src/main.o
 .debug_macro   0x00014075       0x16 ./Core/Src/main.o
 .debug_macro   0x0001408b       0x16 ./Core/Src/main.o
 .debug_macro   0x000140a1       0x29 ./Core/Src/main.o
 .debug_macro   0x000140ca       0x16 ./Core/Src/main.o
 .debug_macro   0x000140e0      0x21e ./Core/Src/stm32f4xx_hal_msp.o
 .debug_macro   0x000142fe      0x228 ./Core/Src/stm32f4xx_it.o
 .debug_macro   0x00014526      0x214 ./Core/Src/system_stm32f4xx.o
 .debug_macro   0x0001473a      0x274 ./Drivers/STM32F4xx_HAL_Driver/Src/stm32f4xx_hal.o
 .debug_macro   0x000149ae      0x215 ./Drivers/STM32F4xx_HAL_Driver/Src/stm32f4xx_hal_adc.o
 .debug_macro   0x00014bc3      0x214 ./Drivers/STM32F4xx_HAL_Driver/Src/stm32f4xx_hal_cortex.o
 .debug_macro   0x00014dd7      0x21a ./Drivers/STM32F4xx_HAL_Driver/Src/stm32f4xx_hal_dma.o
 .debug_macro   0x00014ff1      0x21a ./Drivers/STM32F4xx_HAL_Driver/Src/stm32f4xx_hal_gpio.o
 .debug_macro   0x0001520b      0x262 ./Drivers/STM32F4xx_HAL_Driver/Src/stm32f4xx_hal_i2c.o
 .debug_macro   0x0001546d      0x21c ./Drivers/STM32F4xx_HAL_Driver/Src/stm32f4xx_hal_i2s.o
 .debug_macro   0x00015689      0x214 ./Drivers/STM32F4xx_HAL_Driver/Src/stm32f4xx_hal_i2s_ex.o
 .debug_macro   0x0001589d      0x238 ./Drivers/STM32F4xx_HAL_Driver/Src/stm32f4xx_hal_rcc.o
 .debug_macro   0x00015ad5      0x214 ./Drivers/STM32F4xx_HAL_Driver/Src/stm32f4xx_hal_rcc_ex.o
 .debug_macro   0x00015ce9      0x215 ./Drivers/STM32F4xx_HAL_Driver/Src/stm32f4xx_hal_uart.o
 .debug_macro   0x00015efe      0x306 ./ECUAL/I2C_LCD/I2C_LCD.o
 .debug_macro   0x00016204       0x10 ./ECUAL/I2C_LCD/I2C_LCD.o
 .debug_macro   0x00016214      0x231 ./ECUAL/I2C_LCD/I2C_LCD_cfg.o

.debug_line     0x00000000    0x1b698
 .debug_line    0x00000000      0x45f ./Core/Src/Ema_low.o
 .debug_line    0x0000045f     0x1911 ./Core/Src/main.o
 .debug_line    0x00001d70      0xbbd ./Core/Src/stm32f4xx_hal_msp.o
 .debug_line    0x0000292d      0x90e ./Core/Src/stm32f4xx_it.o
 .debug_line    0x0000323b      0x854 ./Core/Src/system_stm32f4xx.o
 .debug_line    0x00003a8f       0x7a ./Core/Startup/startup_stm32f411vetx.o
 .debug_line    0x00003b09      0xb74 ./Drivers/STM32F4xx_HAL_Driver/Src/stm32f4xx_hal.o
 .debug_line    0x0000467d     0x17a2 ./Drivers/STM32F4xx_HAL_Driver/Src/stm32f4xx_hal_adc.o
 .debug_line    0x00005e1f      0xe3c ./Drivers/STM32F4xx_HAL_Driver/Src/stm32f4xx_hal_cortex.o
 .debug_line    0x00006c5b     0x151f ./Drivers/STM32F4xx_HAL_Driver/Src/stm32f4xx_hal_dma.o
 .debug_line    0x0000817a      0xdd3 ./Drivers/STM32F4xx_HAL_Driver/Src/stm32f4xx_hal_gpio.o
 .debug_line    0x00008f4d     0x6d6c ./Drivers/STM32F4xx_HAL_Driver/Src/stm32f4xx_hal_i2c.o
 .debug_line    0x0000fcb9     0x1cb1 ./Drivers/STM32F4xx_HAL_Driver/Src/stm32f4xx_hal_i2s.o
 .debug_line    0x0001196a     0x14d5 ./Drivers/STM32F4xx_HAL_Driver/Src/stm32f4xx_hal_i2s_ex.o
 .debug_line    0x00012e3f     0x1195 ./Drivers/STM32F4xx_HAL_Driver/Src/stm32f4xx_hal_rcc.o
 .debug_line    0x00013fd4      0xcfd ./Drivers/STM32F4xx_HAL_Driver/Src/stm32f4xx_hal_rcc_ex.o
 .debug_line    0x00014cd1     0x485a ./Drivers/STM32F4xx_HAL_Driver/Src/stm32f4xx_hal_uart.o
 .debug_line    0x0001952b     0x19aa ./ECUAL/I2C_LCD/I2C_LCD.o
 .debug_line    0x0001aed5      0x7c3 ./ECUAL/I2C_LCD/I2C_LCD_cfg.o

.debug_str      0x00000000    0x96f32
 .debug_str     0x00000000     0x3c80 ./Core/Src/Ema_low.o
                               0x3def (size before relaxing)
 .debug_str     0x00003c80    0x8ff53 ./Core/Src/main.o
                              0x93f81 (size before relaxing)
 .debug_str     0x00093bd3      0x1b8 ./Core/Src/stm32f4xx_hal_msp.o
                              0x8f8fb (size before relaxing)
 .debug_str     0x00093d8b      0x14a ./Core/Src/stm32f4xx_it.o
                              0x8ed7e (size before relaxing)
 .debug_str     0x00093ed5       0xdb ./Core/Src/system_stm32f4xx.o
                              0x8e989 (size before relaxing)
 .debug_str     0x00093fb0       0x44 ./Core/Startup/startup_stm32f411vetx.o
                                 0x8a (size before relaxing)
 .debug_str     0x00093ff4      0x60d ./Drivers/STM32F4xx_HAL_Driver/Src/stm32f4xx_hal.o
                              0x8f3b5 (size before relaxing)
 .debug_str     0x00094601      0x293 ./Drivers/STM32F4xx_HAL_Driver/Src/stm32f4xx_hal_adc.o
                              0x8ef64 (size before relaxing)
 .debug_str     0x00094894      0x361 ./Drivers/STM32F4xx_HAL_Driver/Src/stm32f4xx_hal_cortex.o
                              0x8f11f (size before relaxing)
 .debug_str     0x00094bf5      0x2d5 ./Drivers/STM32F4xx_HAL_Driver/Src/stm32f4xx_hal_dma.o
                              0x8ed91 (size before relaxing)
 .debug_str     0x00094eca      0x121 ./Drivers/STM32F4xx_HAL_Driver/Src/stm32f4xx_hal_gpio.o
                              0x8eb04 (size before relaxing)
 .debug_str     0x00094feb      0xb09 ./Drivers/STM32F4xx_HAL_Driver/Src/stm32f4xx_hal_i2c.o
                              0x8f99a (size before relaxing)
 .debug_str     0x00095af4      0x263 ./Drivers/STM32F4xx_HAL_Driver/Src/stm32f4xx_hal_i2s.o
                              0x8ef68 (size before relaxing)
 .debug_str     0x00095d57      0x1d1 ./Drivers/STM32F4xx_HAL_Driver/Src/stm32f4xx_hal_i2s_ex.o
                              0x8ee63 (size before relaxing)
 .debug_str     0x00095f28      0x224 ./Drivers/STM32F4xx_HAL_Driver/Src/stm32f4xx_hal_rcc.o
                              0x8edce (size before relaxing)
 .debug_str     0x0009614c       0xf6 ./Drivers/STM32F4xx_HAL_Driver/Src/stm32f4xx_hal_rcc_ex.o
                              0x8eb11 (size before relaxing)
 .debug_str     0x00096242      0x5bb ./Drivers/STM32F4xx_HAL_Driver/Src/stm32f4xx_hal_uart.o
                              0x8f39d (size before relaxing)
 .debug_str     0x000967fd      0x716 ./ECUAL/I2C_LCD/I2C_LCD.o
                              0x8f4ac (size before relaxing)
 .debug_str     0x00096f13       0x1f ./ECUAL/I2C_LCD/I2C_LCD_cfg.o
                              0x8ed50 (size before relaxing)

.comment        0x00000000       0x43
 .comment       0x00000000       0x43 ./Core/Src/Ema_low.o
                                 0x44 (size before relaxing)
 .comment       0x00000043       0x44 ./Core/Src/main.o
 .comment       0x00000043       0x44 ./Core/Src/stm32f4xx_hal_msp.o
 .comment       0x00000043       0x44 ./Core/Src/stm32f4xx_it.o
 .comment       0x00000043       0x44 ./Core/Src/system_stm32f4xx.o
 .comment       0x00000043       0x44 ./Drivers/STM32F4xx_HAL_Driver/Src/stm32f4xx_hal.o
 .comment       0x00000043       0x44 ./Drivers/STM32F4xx_HAL_Driver/Src/stm32f4xx_hal_adc.o
 .comment       0x00000043       0x44 ./Drivers/STM32F4xx_HAL_Driver/Src/stm32f4xx_hal_cortex.o
 .comment       0x00000043       0x44 ./Drivers/STM32F4xx_HAL_Driver/Src/stm32f4xx_hal_dma.o
 .comment       0x00000043       0x44 ./Drivers/STM32F4xx_HAL_Driver/Src/stm32f4xx_hal_gpio.o
 .comment       0x00000043       0x44 ./Drivers/STM32F4xx_HAL_Driver/Src/stm32f4xx_hal_i2c.o
 .comment       0x00000043       0x44 ./Drivers/STM32F4xx_HAL_Driver/Src/stm32f4xx_hal_i2s.o
 .comment       0x00000043       0x44 ./Drivers/STM32F4xx_HAL_Driver/Src/stm32f4xx_hal_i2s_ex.o
 .comment       0x00000043       0x44 ./Drivers/STM32F4xx_HAL_Driver/Src/stm32f4xx_hal_rcc.o
 .comment       0x00000043       0x44 ./Drivers/STM32F4xx_HAL_Driver/Src/stm32f4xx_hal_rcc_ex.o
 .comment       0x00000043       0x44 ./Drivers/STM32F4xx_HAL_Driver/Src/stm32f4xx_hal_uart.o
 .comment       0x00000043       0x44 ./ECUAL/I2C_LCD/I2C_LCD.o
 .comment       0x00000043       0x44 ./ECUAL/I2C_LCD/I2C_LCD_cfg.o

.debug_frame    0x00000000     0x2ae4
 .debug_frame   0x00000000       0x30 ./Core/Src/Ema_low.o
 .debug_frame   0x00000030      0x160 ./Core/Src/main.o
 .debug_frame   0x00000190      0x14c ./Core/Src/stm32f4xx_hal_msp.o
 .debug_frame   0x000002dc       0xe0 ./Core/Src/stm32f4xx_it.o
 .debug_frame   0x000003bc       0x30 ./Core/Src/system_stm32f4xx.o
 .debug_frame   0x000003ec      0x1f4 ./Drivers/STM32F4xx_HAL_Driver/Src/stm32f4xx_hal.o
 .debug_frame   0x000005e0      0x2a4 ./Drivers/STM32F4xx_HAL_Driver/Src/stm32f4xx_hal_adc.o
 .debug_frame   0x00000884      0x188 ./Drivers/STM32F4xx_HAL_Driver/Src/stm32f4xx_hal_cortex.o
 .debug_frame   0x00000a0c      0x17c ./Drivers/STM32F4xx_HAL_Driver/Src/stm32f4xx_hal_dma.o
 .debug_frame   0x00000b88       0xd8 ./Drivers/STM32F4xx_HAL_Driver/Src/stm32f4xx_hal_gpio.o
 .debug_frame   0x00000c60      0x7b8 ./Drivers/STM32F4xx_HAL_Driver/Src/stm32f4xx_hal_i2c.o
 .debug_frame   0x00001418      0x300 ./Drivers/STM32F4xx_HAL_Driver/Src/stm32f4xx_hal_i2s.o
 .debug_frame   0x00001718      0x13c ./Drivers/STM32F4xx_HAL_Driver/Src/stm32f4xx_hal_i2s_ex.o
 .debug_frame   0x00001854      0x178 ./Drivers/STM32F4xx_HAL_Driver/Src/stm32f4xx_hal_rcc.o
 .debug_frame   0x000019cc       0xc0 ./Drivers/STM32F4xx_HAL_Driver/Src/stm32f4xx_hal_rcc_ex.o
 .debug_frame   0x00001a8c      0x5d0 ./Drivers/STM32F4xx_HAL_Driver/Src/stm32f4xx_hal_uart.o
 .debug_frame   0x0000205c      0x3a4 ./ECUAL/I2C_LCD/I2C_LCD.o
 .debug_frame   0x00002400       0x38 C:/ST/STM32CubeIDE_1.16.1/STM32CubeIDE/plugins/com.st.stm32cube.ide.mcu.externaltools.gnu-tools-for-stm32.12.3.rel1.win32_1.1.0.202410251130/tools/bin/../lib/gcc/arm-none-eabi/12.3.1/../../../../arm-none-eabi/lib/thumb/v7e-m+fp/hard\libc_nano.a(libc_a-itoa.o)
 .debug_frame   0x00002438       0x48 C:/ST/STM32CubeIDE_1.16.1/STM32CubeIDE/plugins/com.st.stm32cube.ide.mcu.externaltools.gnu-tools-for-stm32.12.3.rel1.win32_1.1.0.202410251130/tools/bin/../lib/gcc/arm-none-eabi/12.3.1/../../../../arm-none-eabi/lib/thumb/v7e-m+fp/hard\libc_nano.a(libc_a-utoa.o)
 .debug_frame   0x00002480      0x144 C:/ST/STM32CubeIDE_1.16.1/STM32CubeIDE/plugins/com.st.stm32cube.ide.mcu.externaltools.gnu-tools-for-stm32.12.3.rel1.win32_1.1.0.202410251130/tools/bin/../lib/gcc/arm-none-eabi/12.3.1/../../../../arm-none-eabi/lib/thumb/v7e-m+fp/hard\libc_nano.a(libc_a-findfp.o)
 .debug_frame   0x000025c4       0x20 C:/ST/STM32CubeIDE_1.16.1/STM32CubeIDE/plugins/com.st.stm32cube.ide.mcu.externaltools.gnu-tools-for-stm32.12.3.rel1.win32_1.1.0.202410251130/tools/bin/../lib/gcc/arm-none-eabi/12.3.1/../../../../arm-none-eabi/lib/thumb/v7e-m+fp/hard\libc_nano.a(libc_a-errno.o)
 .debug_frame   0x000025e4       0x2c C:/ST/STM32CubeIDE_1.16.1/STM32CubeIDE/plugins/com.st.stm32cube.ide.mcu.externaltools.gnu-tools-for-stm32.12.3.rel1.win32_1.1.0.202410251130/tools/bin/../lib/gcc/arm-none-eabi/12.3.1/../../../../arm-none-eabi/lib/thumb/v7e-m+fp/hard\libc_nano.a(libc_a-init.o)
 .debug_frame   0x00002610       0x40 C:/ST/STM32CubeIDE_1.16.1/STM32CubeIDE/plugins/com.st.stm32cube.ide.mcu.externaltools.gnu-tools-for-stm32.12.3.rel1.win32_1.1.0.202410251130/tools/bin/../lib/gcc/arm-none-eabi/12.3.1/../../../../arm-none-eabi/lib/thumb/v7e-m+fp/hard\libm.a(libm_a-w_exp.o)
 .debug_frame   0x00002650       0x28 C:/ST/STM32CubeIDE_1.16.1/STM32CubeIDE/plugins/com.st.stm32cube.ide.mcu.externaltools.gnu-tools-for-stm32.12.3.rel1.win32_1.1.0.202410251130/tools/bin/../lib/gcc/arm-none-eabi/12.3.1/../../../../arm-none-eabi/lib/thumb/v7e-m+fp/hard\libm.a(libm_a-s_finite.o)
 .debug_frame   0x00002678       0x2c C:/ST/STM32CubeIDE_1.16.1/STM32CubeIDE/plugins/com.st.stm32cube.ide.mcu.externaltools.gnu-tools-for-stm32.12.3.rel1.win32_1.1.0.202410251130/tools/bin/../lib/gcc/arm-none-eabi/12.3.1/../../../../arm-none-eabi/lib/thumb/v7e-m+fp/hard\libm.a(libm_a-s_round.o)
 .debug_frame   0x000026a4       0x5c C:/ST/STM32CubeIDE_1.16.1/STM32CubeIDE/plugins/com.st.stm32cube.ide.mcu.externaltools.gnu-tools-for-stm32.12.3.rel1.win32_1.1.0.202410251130/tools/bin/../lib/gcc/arm-none-eabi/12.3.1/../../../../arm-none-eabi/lib/thumb/v7e-m+fp/hard\libm.a(libm_a-e_exp.o)
 .debug_frame   0x00002700      0x158 C:/ST/STM32CubeIDE_1.16.1/STM32CubeIDE/plugins/com.st.stm32cube.ide.mcu.externaltools.gnu-tools-for-stm32.12.3.rel1.win32_1.1.0.202410251130/tools/bin/../lib/gcc/arm-none-eabi/12.3.1/../../../../arm-none-eabi/lib/thumb/v7e-m+fp/hard\libm.a(libm_a-math_err.o)
 .debug_frame   0x00002858       0xac C:/ST/STM32CubeIDE_1.16.1/STM32CubeIDE/plugins/com.st.stm32cube.ide.mcu.externaltools.gnu-tools-for-stm32.12.3.rel1.win32_1.1.0.202410251130/tools/bin/../lib/gcc/arm-none-eabi/12.3.1/thumb/v7e-m+fp/hard\libgcc.a(_arm_addsubdf3.o)
 .debug_frame   0x00002904       0x50 C:/ST/STM32CubeIDE_1.16.1/STM32CubeIDE/plugins/com.st.stm32cube.ide.mcu.externaltools.gnu-tools-for-stm32.12.3.rel1.win32_1.1.0.202410251130/tools/bin/../lib/gcc/arm-none-eabi/12.3.1/thumb/v7e-m+fp/hard\libgcc.a(_arm_muldivdf3.o)
 .debug_frame   0x00002954       0xc4 C:/ST/STM32CubeIDE_1.16.1/STM32CubeIDE/plugins/com.st.stm32cube.ide.mcu.externaltools.gnu-tools-for-stm32.12.3.rel1.win32_1.1.0.202410251130/tools/bin/../lib/gcc/arm-none-eabi/12.3.1/thumb/v7e-m+fp/hard\libgcc.a(_arm_cmpdf2.o)
 .debug_frame   0x00002a18       0x24 C:/ST/STM32CubeIDE_1.16.1/STM32CubeIDE/plugins/com.st.stm32cube.ide.mcu.externaltools.gnu-tools-for-stm32.12.3.rel1.win32_1.1.0.202410251130/tools/bin/../lib/gcc/arm-none-eabi/12.3.1/thumb/v7e-m+fp/hard\libgcc.a(_arm_fixdfsi.o)
 .debug_frame   0x00002a3c       0x24 C:/ST/STM32CubeIDE_1.16.1/STM32CubeIDE/plugins/com.st.stm32cube.ide.mcu.externaltools.gnu-tools-for-stm32.12.3.rel1.win32_1.1.0.202410251130/tools/bin/../lib/gcc/arm-none-eabi/12.3.1/thumb/v7e-m+fp/hard\libgcc.a(_arm_fixunsdfsi.o)
 .debug_frame   0x00002a60       0x24 C:/ST/STM32CubeIDE_1.16.1/STM32CubeIDE/plugins/com.st.stm32cube.ide.mcu.externaltools.gnu-tools-for-stm32.12.3.rel1.win32_1.1.0.202410251130/tools/bin/../lib/gcc/arm-none-eabi/12.3.1/thumb/v7e-m+fp/hard\libgcc.a(_arm_truncdfsf2.o)
 .debug_frame   0x00002a84       0x2c C:/ST/STM32CubeIDE_1.16.1/STM32CubeIDE/plugins/com.st.stm32cube.ide.mcu.externaltools.gnu-tools-for-stm32.12.3.rel1.win32_1.1.0.202410251130/tools/bin/../lib/gcc/arm-none-eabi/12.3.1/thumb/v7e-m+fp/hard\libgcc.a(_aeabi_uldivmod.o)
 .debug_frame   0x00002ab0       0x34 C:/ST/STM32CubeIDE_1.16.1/STM32CubeIDE/plugins/com.st.stm32cube.ide.mcu.externaltools.gnu-tools-for-stm32.12.3.rel1.win32_1.1.0.202410251130/tools/bin/../lib/gcc/arm-none-eabi/12.3.1/thumb/v7e-m+fp/hard\libgcc.a(_udivmoddi4.o)

.debug_loclists
                0x00000000     0xa650
 .debug_loclists
                0x00000000      0x51a ./Core/Src/main.o
 .debug_loclists
                0x0000051a      0x102 ./Core/Src/stm32f4xx_hal_msp.o
 .debug_loclists
                0x0000061c       0xcb ./Core/Src/system_stm32f4xx.o
 .debug_loclists
                0x000006e7       0xe2 ./Drivers/STM32F4xx_HAL_Driver/Src/stm32f4xx_hal.o
 .debug_loclists
                0x000007c9      0x694 ./Drivers/STM32F4xx_HAL_Driver/Src/stm32f4xx_hal_adc.o
 .debug_loclists
                0x00000e5d      0x4d3 ./Drivers/STM32F4xx_HAL_Driver/Src/stm32f4xx_hal_cortex.o
 .debug_loclists
                0x00001330      0x63f ./Drivers/STM32F4xx_HAL_Driver/Src/stm32f4xx_hal_dma.o
 .debug_loclists
                0x0000196f      0x389 ./Drivers/STM32F4xx_HAL_Driver/Src/stm32f4xx_hal_gpio.o
 .debug_loclists
                0x00001cf8     0x2f22 ./Drivers/STM32F4xx_HAL_Driver/Src/stm32f4xx_hal_i2c.o
 .debug_loclists
                0x00004c1a      0xb6c ./Drivers/STM32F4xx_HAL_Driver/Src/stm32f4xx_hal_i2s.o
 .debug_loclists
                0x00005786      0x789 ./Drivers/STM32F4xx_HAL_Driver/Src/stm32f4xx_hal_i2s_ex.o
 .debug_loclists
                0x00005f0f      0x354 ./Drivers/STM32F4xx_HAL_Driver/Src/stm32f4xx_hal_rcc.o
 .debug_loclists
                0x00006263      0x253 ./Drivers/STM32F4xx_HAL_Driver/Src/stm32f4xx_hal_rcc_ex.o
 .debug_loclists
                0x000064b6     0x2eaa ./Drivers/STM32F4xx_HAL_Driver/Src/stm32f4xx_hal_uart.o
 .debug_loclists
                0x00009360     0x12f0 ./ECUAL/I2C_LCD/I2C_LCD.o

.debug_line_str
                0x00000000       0x6e
 .debug_line_str
                0x00000000       0x6e ./Core/Startup/startup_stm32f411vetx.o
