../Drivers/STM32F4xx_HAL_Driver/Src/stm32f4xx_hal_i2s_ex.c:919:13:I2SEx_TxRxDMAError	4	static
../Drivers/STM32F4xx_HAL_Driver/Src/stm32f4xx_hal_i2s_ex.c:206:19:HAL_I2SEx_TransmitReceive	72	static
../Drivers/STM32F4xx_HAL_Driver/Src/stm32f4xx_hal_i2s_ex.c:439:19:HAL_I2SEx_TransmitReceive_IT	8	static
../Drivers/STM32F4xx_HAL_Driver/Src/stm32f4xx_hal_i2s_ex.c:548:19:HAL_I2SEx_TransmitReceive_DMA	32	static
../Drivers/STM32F4xx_HAL_Driver/Src/stm32f4xx_hal_i2s_ex.c:819:13:HAL_I2SEx_TxRxHalfCpltCallback	0	static
../Drivers/STM32F4xx_HAL_Driver/Src/stm32f4xx_hal_i2s_ex.c:862:13:I2SEx_TxRxDMAHalfCplt	8	static
../Drivers/STM32F4xx_HAL_Driver/Src/stm32f4xx_hal_i2s_ex.c:834:13:HAL_I2SEx_TxRxCpltCallback	0	static
../Drivers/STM32F4xx_HAL_Driver/Src/stm32f4xx_hal_i2s_ex.c:880:13:I2SEx_TxRxDMACplt	8	static
../Drivers/STM32F4xx_HAL_Driver/Src/stm32f4xx_hal_i2s_ex.c:673:6:HAL_I2SEx_FullDuplex_IRQHandler	32	static
