../Core/Src/main.c:128:7:HAL_ADC_ConvCpltCallback	4	static
../Core/Src/main.c:184:7:HAL_UART_RxCpltCallback	24	static
../Core/Src/main.c:218:7:ArangeSamplesInBuff	48	static
../Core/Src/main.c:142:7:HAL_I2S_TxHalfCpltCallback	8	static
../Core/Src/main.c:163:7:HAL_I2S_TxCpltCallback	8	static
../Core/Src/main.c:267:7:_write	8	static
../Core/Src/main.c:333:8:SystemClock_Config	88	static,ignoring_inline_asm
../Core/Src/main.c:279:6:main	64	static,ignoring_inline_asm
../Core/Src/main.c:623:8:Error_Handler	0	static,ignoring_inline_asm
