../Core/Src/main.c:108:6:HAL_ADC_ConvCpltCallback	4	static
../Core/Src/main.c:147:7:HAL_UART_RxCpltCallback	24	static
../Core/Src/main.c:180:7:ArangeSamplesInHalfBuff	48	static
../Core/Src/main.c:124:6:HAL_I2S_TxHalfCpltCallback	8	static
../Core/Src/main.c:232:7:ArangeSamplesInFullBuff	40	static
../Core/Src/main.c:135:6:HAL_I2S_TxCpltCallback	8	static
../Core/Src/main.c:346:6:SystemClock_Config	88	static,ignoring_inline_asm
../Core/Src/main.c:288:5:main	56	static,ignoring_inline_asm
../Core/Src/main.c:608:6:Error_Handler	0	static,ignoring_inline_asm
