../Core/Src/stm32f4xx_hal_msp.c:69:6:HAL_MspInit	8	static
../Core/Src/stm32f4xx_hal_msp.c:92:6:HAL_ADC_MspInit	48	static
../Core/Src/stm32f4xx_hal_msp.c:149:6:HAL_ADC_MspDeInit	8	static
../Core/Src/stm32f4xx_hal_msp.c:183:6:HAL_I2C_MspInit	48	static
../Core/Src/stm32f4xx_hal_msp.c:220:6:HAL_I2C_MspDeInit	8	static
../Core/Src/stm32f4xx_hal_msp.c:251:6:HAL_I2S_MspInit	72	static
../Core/Src/stm32f4xx_hal_msp.c:321:6:HAL_I2S_MspDeInit	8	static
../Core/Src/stm32f4xx_hal_msp.c:353:6:HAL_UART_MspInit	56	static
../Core/Src/stm32f4xx_hal_msp.c:435:6:HAL_UART_MspDeInit	8	static
